Component: Arm Compiler for Embedded 6.18 Tool: armlink [5e4cc100]

==============================================================================

Section Cross References

    startup_stm32f030x6.o(STACK) refers (Special) to heapauxi.o(.text) for __use_two_region_memory
    startup_stm32f030x6.o(HEAP) refers (Special) to heapauxi.o(.text) for __use_two_region_memory
    startup_stm32f030x6.o(RESET) refers (Special) to heapauxi.o(.text) for __use_two_region_memory
    startup_stm32f030x6.o(RESET) refers to startup_stm32f030x6.o(STACK) for __initial_sp
    startup_stm32f030x6.o(RESET) refers to startup_stm32f030x6.o(.text) for Reset_Handler
    startup_stm32f030x6.o(RESET) refers to stm32f0xx_it.o(.text.NMI_Handler) for NMI_Handler
    startup_stm32f030x6.o(RESET) refers to stm32f0xx_it.o(.text.HardFault_Handler) for HardFault_Handler
    startup_stm32f030x6.o(RESET) refers to stm32f0xx_it.o(.text.SVC_Handler) for SVC_Handler
    startup_stm32f030x6.o(RESET) refers to stm32f0xx_it.o(.text.PendSV_Handler) for PendSV_Handler
    startup_stm32f030x6.o(RESET) refers to stm32f0xx_it.o(.text.SysTick_Handler) for SysTick_Handler
    startup_stm32f030x6.o(RESET) refers to stm32f0xx_it.o(.text.EXTI0_1_IRQHandler) for EXTI0_1_IRQHandler
    startup_stm32f030x6.o(RESET) refers to stm32f0xx_it.o(.text.EXTI4_15_IRQHandler) for EXTI4_15_IRQHandler
    startup_stm32f030x6.o(RESET) refers to stm32f0xx_it.o(.text.DMA1_Channel1_IRQHandler) for DMA1_Channel1_IRQHandler
    startup_stm32f030x6.o(RESET) refers to stm32f0xx_it.o(.text.DMA1_Channel2_3_IRQHandler) for DMA1_Channel2_3_IRQHandler
    startup_stm32f030x6.o(RESET) refers to stm32f0xx_it.o(.text.USART1_IRQHandler) for USART1_IRQHandler
    startup_stm32f030x6.o(.text) refers (Special) to heapauxi.o(.text) for __use_two_region_memory
    startup_stm32f030x6.o(.text) refers to system_stm32f0xx.o(.text.SystemInit) for SystemInit
    startup_stm32f030x6.o(.text) refers to __main.o(!!!main) for __main
    startup_stm32f030x6.o(.text) refers to startup_stm32f030x6.o(HEAP) for Heap_Mem
    startup_stm32f030x6.o(.text) refers to startup_stm32f030x6.o(STACK) for Stack_Mem
    main.o(.text.main) refers to stm32f0xx_hal.o(.text.HAL_Init) for HAL_Init
    main.o(.text.main) refers to stm32f0xx_hal_rcc.o(.text.HAL_RCC_OscConfig) for HAL_RCC_OscConfig
    main.o(.text.main) refers to stm32f0xx_hal_rcc.o(.text.HAL_RCC_ClockConfig) for HAL_RCC_ClockConfig
    main.o(.text.main) refers to stm32f0xx_hal_rcc_ex.o(.text.HAL_RCCEx_PeriphCLKConfig) for HAL_RCCEx_PeriphCLKConfig
    main.o(.text.main) refers to stm32f0xx_hal_gpio.o(.text.HAL_GPIO_WritePin) for HAL_GPIO_WritePin
    main.o(.text.main) refers to stm32f0xx_hal_gpio.o(.text.HAL_GPIO_Init) for HAL_GPIO_Init
    main.o(.text.main) refers to stm32f0xx_hal_cortex.o(.text.HAL_NVIC_SetPriority) for HAL_NVIC_SetPriority
    main.o(.text.main) refers to stm32f0xx_hal_cortex.o(.text.HAL_NVIC_EnableIRQ) for HAL_NVIC_EnableIRQ
    main.o(.text.main) refers to stm32f0xx_hal_adc.o(.text.HAL_ADC_Init) for HAL_ADC_Init
    main.o(.text.main) refers to stm32f0xx_hal_adc.o(.text.HAL_ADC_ConfigChannel) for HAL_ADC_ConfigChannel
    main.o(.text.main) refers to stm32f0xx_hal_spi.o(.text.HAL_SPI_Init) for HAL_SPI_Init
    main.o(.text.main) refers to stm32f0xx_hal_uart.o(.text.HAL_UART_Init) for HAL_UART_Init
    main.o(.text.main) refers to stm32f0xx_hal_tim.o(.text.HAL_TIM_Base_Init) for HAL_TIM_Base_Init
    main.o(.text.main) refers to stm32f0xx_hal_tim.o(.text.HAL_TIM_PWM_Init) for HAL_TIM_PWM_Init
    main.o(.text.main) refers to stm32f0xx_hal_tim.o(.text.HAL_TIM_PWM_ConfigChannel) for HAL_TIM_PWM_ConfigChannel
    main.o(.text.main) refers to stm32f0xx_hal_msp.o(.text.HAL_TIM_MspPostInit) for HAL_TIM_MspPostInit
    main.o(.text.main) refers to stm32f0xx_hal_adc.o(.text.HAL_ADC_Start_DMA) for HAL_ADC_Start_DMA
    main.o(.text.main) refers to stm32f0xx_hal_uart.o(.text.HAL_UART_Receive_DMA) for HAL_UART_Receive_DMA
    main.o(.text.main) refers to main.o(.text.Setup_value_compare) for Setup_value_compare
    main.o(.text.main) refers to stm32f0xx_hal_tim.o(.text.HAL_TIM_PWM_Stop) for HAL_TIM_PWM_Stop
    main.o(.text.main) refers to stm32f0xx_hal_tim.o(.text.HAL_TIM_PWM_Start) for HAL_TIM_PWM_Start
    main.o(.text.main) refers to stm32f0xx_hal_gpio.o(.text.HAL_GPIO_ReadPin) for HAL_GPIO_ReadPin
    main.o(.text.main) refers to stm32f0xx_hal.o(.text.HAL_Delay) for HAL_Delay
    main.o(.text.main) refers to stm32f0xx_hal.o(.text.HAL_GetTick) for HAL_GetTick
    main.o(.text.main) refers to fflti.o(.text) for __aeabi_ui2f
    main.o(.text.main) refers to fcmp.o(i._fls) for __aeabi_fcmplt
    main.o(.text.main) refers to fcmp.o(i._fgr) for __aeabi_fcmpgt
    main.o(.text.main) refers to faddsub.o(x$fpl$fadd) for __aeabi_fadd
    main.o(.text.main) refers to fcmp.o(i._fleq) for __aeabi_fcmple
    main.o(.text.main) refers to faddsub.o(x$fpl$fsub) for __aeabi_fsub
    main.o(.text.main) refers to main.o(.bss.hadc) for hadc
[...]
    ../fplib/fgeqf6m.s                       0x00000000   Number         0  fgef.o ABSOLUTE
    ../fplib/fleqf6m.s                       0x00000000   Number         0  flef.o ABSOLUTE
    ../fplib/usenofp.s                       0x00000000   Number         0  usenofp.o ABSOLUTE
    dc.s                                     0x00000000   Number         0  dc.o ABSOLUTE
    main.c                                   0x00000000   Number         0  main.o ABSOLUTE
    startup_stm32f030x6.s                    0x00000000   Number         0  startup_stm32f030x6.o ABSOLUTE
    stm32f0xx_hal.c                          0x00000000   Number         0  stm32f0xx_hal.o ABSOLUTE
    stm32f0xx_hal_adc.c                      0x00000000   Number         0  stm32f0xx_hal_adc.o ABSOLUTE
    stm32f0xx_hal_adc_ex.c                   0x00000000   Number         0  stm32f0xx_hal_adc_ex.o ABSOLUTE
    stm32f0xx_hal_cortex.c                   0x00000000   Number         0  stm32f0xx_hal_cortex.o ABSOLUTE
    stm32f0xx_hal_dma.c                      0x00000000   Number         0  stm32f0xx_hal_dma.o ABSOLUTE
    stm32f0xx_hal_exti.c                     0x00000000   Number         0  stm32f0xx_hal_exti.o ABSOLUTE
    stm32f0xx_hal_flash.c                    0x00000000   Number         0  stm32f0xx_hal_flash.o ABSOLUTE
    stm32f0xx_hal_flash_ex.c                 0x00000000   Number         0  stm32f0xx_hal_flash_ex.o ABSOLUTE
    stm32f0xx_hal_gpio.c                     0x00000000   Number         0  stm32f0xx_hal_gpio.o ABSOLUTE
    stm32f0xx_hal_i2c.c                      0x00000000   Number         0  stm32f0xx_hal_i2c.o ABSOLUTE
    stm32f0xx_hal_i2c_ex.c                   0x00000000   Number         0  stm32f0xx_hal_i2c_ex.o ABSOLUTE
    stm32f0xx_hal_msp.c                      0x00000000   Number         0  stm32f0xx_hal_msp.o ABSOLUTE
    stm32f0xx_hal_pwr.c                      0x00000000   Number         0  stm32f0xx_hal_pwr.o ABSOLUTE
    stm32f0xx_hal_pwr_ex.c                   0x00000000   Number         0  stm32f0xx_hal_pwr_ex.o ABSOLUTE
    stm32f0xx_hal_rcc.c                      0x00000000   Number         0  stm32f0xx_hal_rcc.o ABSOLUTE
    stm32f0xx_hal_rcc_ex.c                   0x00000000   Number         0  stm32f0xx_hal_rcc_ex.o ABSOLUTE
    stm32f0xx_hal_spi.c                      0x00000000   Number         0  stm32f0xx_hal_spi.o ABSOLUTE
    stm32f0xx_hal_spi_ex.c                   0x00000000   Number         0  stm32f0xx_hal_spi_ex.o ABSOLUTE
    stm32f0xx_hal_tim.c                      0x00000000   Number         0  stm32f0xx_hal_tim.o ABSOLUTE
    stm32f0xx_hal_tim_ex.c                   0x00000000   Number         0  stm32f0xx_hal_tim_ex.o ABSOLUTE
    stm32f0xx_hal_uart.c                     0x00000000   Number         0  stm32f0xx_hal_uart.o ABSOLUTE
    stm32f0xx_hal_uart_ex.c                  0x00000000   Number         0  stm32f0xx_hal_uart_ex.o ABSOLUTE
    stm32f0xx_it.c                           0x00000000   Number         0  stm32f0xx_it.o ABSOLUTE
    system_stm32f0xx.c                       0x00000000   Number         0  system_stm32f0xx.o ABSOLUTE
    RESET                                    0x08000000   Section      176  startup_stm32f030x6.o(RESET)
    !!!main                                  0x080000b0   Section        8  __main.o(!!!main)
    !!!scatter                               0x080000b8   Section       60  __scatter.o(!!!scatter)
    !!handler_copy                           0x080000f4   Section       26  __scatter_copy.o(!!handler_copy)
    !!handler_zi                             0x08000110   Section       28  __scatter_zi.o(!!handler_zi)
    .ARM.Collect$$libinit$$00000000          0x0800012c   Section        2  libinit.o(.ARM.Collect$$libinit$$00000000)
    .ARM.Collect$$libinit$$00000002          0x0800012e   Section        0  libinit2.o(.ARM.Collect$$libinit$$00000002)
    .ARM.Collect$$libinit$$00000004          0x0800012e   Section        0  libinit2.o(.ARM.Collect$$libinit$$00000004)
    .ARM.Collect$$libinit$$00000006          0x0800012e   Section        0  libinit2.o(.ARM.Collect$$libinit$$00000006)
    .ARM.Collect$$libinit$$0000000C          0x0800012e   Section        0  libinit2.o(.ARM.Collect$$libinit$$0000000C)
    .ARM.Collect$$libinit$$0000000E          0x0800012e   Section        0  libinit2.o(.ARM.Collect$$libinit$$0000000E)
    .ARM.Collect$$libinit$$00000010          0x0800012e   Section        0  libinit2.o(.ARM.Collect$$libinit$$00000010)
    .ARM.Collect$$libinit$$00000013          0x0800012e   Section        0  libinit2.o(.ARM.Collect$$libinit$$00000013)
    .ARM.Collect$$libinit$$00000015          0x0800012e   Section        0  libinit2.o(.ARM.Collect$$libinit$$00000015)
    .ARM.Collect$$libinit$$00000017          0x0800012e   Section        0  libinit2.o(.ARM.Collect$$libinit$$00000017)
    .ARM.Collect$$libinit$$00000019          0x0800012e   Section        0  libinit2.o(.ARM.Collect$$libinit$$00000019)
    .ARM.Collect$$libinit$$0000001B          0x0800012e   Section        0  libinit2.o(.ARM.Collect$$libinit$$0000001B)
    .ARM.Collect$$libinit$$0000001D          0x0800012e   Section        0  libinit2.o(.ARM.Collect$$libinit$$0000001D)
    .ARM.Collect$$libinit$$0000001F          0x0800012e   Section        0  libinit2.o(.ARM.Collect$$libinit$$0000001F)
    .ARM.Collect$$libinit$$00000021          0x0800012e   Section        0  libinit2.o(.ARM.Collect$$libinit$$00000021)
    .ARM.Collect$$libinit$$00000023          0x0800012e   Section        0  libinit2.o(.ARM.Collect$$libinit$$00000023)
    .ARM.Collect$$libinit$$00000025          0x0800012e   Section        0  libinit2.o(.ARM.Collect$$libinit$$00000025)
    .ARM.Collect$$libinit$$00000027          0x0800012e   Section        0  libinit2.o(.ARM.Collect$$libinit$$00000027)
    .ARM.Collect$$libinit$$0000002E          0x0800012e   Section        0  libinit2.o(.ARM.Collect$$libinit$$0000002E)
    .ARM.Collect$$libinit$$00000030          0x0800012e   Section        0  libinit2.o(.ARM.Collect$$libinit$$00000030)
    .ARM.Collect$$libinit$$00000032          0x0800012e   Section        0  libinit2.o(.ARM.Collect$$libinit$$00000032)
    .ARM.Collect$$libinit$$00000034          0x0800012e   Section        0  libinit2.o(.ARM.Collect$$libinit$$00000034)
    .ARM.Collect$$libinit$$00000035          0x0800012e   Section        2  libinit2.o(.ARM.Collect$$libinit$$00000035)
    .ARM.Collect$$libshutdown$$00000000      0x08000130   Section        2  libshutdown.o(.ARM.Collect$$libshutdown$$00000000)
    .ARM.Collect$$libshutdown$$00000002      0x08000132   Section        0  libshutdown2.o(.ARM.Collect$$libshutdown$$00000002)
    .ARM.Collect$$libshutdown$$00000004      0x08000132   Section        0  libshutdown2.o(.ARM.Collect$$libshutdown$$00000004)
    .ARM.Collect$$libshutdown$$00000007      0x08000132   Section        0  libshutdown2.o(.ARM.Collect$$libshutdown$$00000007)
    .ARM.Collect$$libshutdown$$0000000A      0x08000132   Section        0  libshutdown2.o(.ARM.Collect$$libshutdown$$0000000A)
    .ARM.Collect$$libshutdown$$0000000C      0x08000132   Section        0  libshutdown2.o(.ARM.Collect$$libshutdown$$0000000C)
    .ARM.Collect$$libshutdown$$0000000F      0x08000132   Section        0  libshutdown2.o(.ARM.Collect$$libshutdown$$0000000F)
    .ARM.Collect$$libshutdown$$00000010      0x08000132   Section        2  libshutdown2.o(.ARM.Collect$$libshutdown$$00000010)
    .ARM.Collect$$rtentry$$00000000          0x08000134   Section        0  __rtentry.o(.ARM.Collect$$rtentry$$00000000)
    .ARM.Collect$$rtentry$$00000002          0x08000134   Section        0  __rtentry2.o(.ARM.Collect$$rtentry$$00000002)
    .ARM.Collect$$rtentry$$00000004          0x08000134   Section        6  __rtentry4.o(.ARM.Collect$$rtentry$$00000004)
    .ARM.Collect$$rtentry$$00000009          0x0800013a   Section        0  __rtentry2.o(.ARM.Collect$$rtentry$$00000009)
    .ARM.Collect$$rtentry$$0000000A          0x0800013a   Section        4  __rtentry2.o(.ARM.Collect$$rtentry$$0000000A)
    .ARM.Collect$$rtentry$$0000000C          0x0800013e   Section        0  __rtentry2.o(.ARM.Collect$$rtentry$$0000000C)
    .ARM.Collect$$rtentry$$0000000D          0x0800013e   Section        8  __rtentry2.o(.ARM.Collect$$rtentry$$0000000D)
    .ARM.Collect$$rtexit$$00000000           0x08000146   Section        2  rtexit.o(.ARM.Collect$$rtexit$$00000000)
    .ARM.Collect$$rtexit$$00000002           0x08000148   Section        0  rtexit2.o(.ARM.Collect$$rtexit$$00000002)
    .ARM.Collect$$rtexit$$00000003           0x08000148   Section        4  rtexit2.o(.ARM.Collect$$rtexit$$00000003)
    .ARM.Collect$$rtexit$$00000004           0x0800014c   Section        6  rtexit2.o(.ARM.Collect$$rtexit$$00000004)
    .text                                    0x08000154   Section       56  startup_stm32f030x6.o(.text)
    .text                                    0x0800018c   Section        0  llushr.o(.text)
    .text                                    0x080001ae   Section        0  heapauxi.o(.text)
    .text                                    0x080001b4   Section        0  d2f.o(.text)
    _dadd1                                   0x08000231   Thumb Code   290  daddsub.o(.text)
    .text                                    0x08000230   Section        0  daddsub.o(.text)
    _dsub1                                   0x08000353   Thumb Code   470  daddsub.o(.text)
    .text                                    0x08000588   Section        0  dmul.o(.text)
    .text                                    0x080007d0   Section        0  f2d.o(.text)
    .text                                    0x08000824   Section        0  ffixul.o(.text)
    .text                                    0x0800086e   Section        0  fflti.o(.text)
    .text                                    0x080008cc   Section        0  fcmpin.o(.text)
    .text                                    0x08000930   Section       62  sys_stackheap_outer.o(.text)
    .text                                    0x0800096e   Section        0  exit.o(.text)
    .text                                    0x0800097e   Section        0  cmpret.o(.text)
    .text                                    0x080009ac   Section        0  fnan2.o(.text)
    .text                                    0x080009bc   Section        8  libspace.o(.text)
    .text                                    0x080009c4   Section        0  retnan.o(.text)
    .text                                    0x08000a24   Section        0  sys_exit.o(.text)
    .text                                    0x08000a30   Section        2  use_no_semi.o(.text)
    ADC_DMAConvCplt                          0x08000a33   Thumb Code   114  stm32f0xx_hal_adc.o(.text.ADC_DMAConvCplt)
    [Anonymous Symbol]                       0x08000a32   Section        0  stm32f0xx_hal_adc.o(.text.ADC_DMAConvCplt)
    .text                                    0x08000a32   Section        0  indicate_semi.o(.text)
    ADC_DMAError                             0x08000aa5   Thumb Code    26  stm32f0xx_hal_adc.o(.text.ADC_DMAError)
    [Anonymous Symbol]                       0x08000aa4   Section        0  stm32f0xx_hal_adc.o(.text.ADC_DMAError)
    ADC_DMAHalfConvCplt                      0x08000abf   Thumb Code    10  stm32f0xx_hal_adc.o(.text.ADC_DMAHalfConvCplt)
    [Anonymous Symbol]                       0x08000abe   Section        0  stm32f0xx_hal_adc.o(.text.ADC_DMAHalfConvCplt)
    ADC_Enable                               0x08000ac9   Thumb Code   172  stm32f0xx_hal_adc.o(.text.ADC_Enable)
    [Anonymous Symbol]                       0x08000ac8   Section        0  stm32f0xx_hal_adc.o(.text.ADC_Enable)
    __arm_cp.5_0                             0x08000b74   Number         4  stm32f0xx_hal_adc.o(.text.ADC_Enable)
    [Anonymous Symbol]                       0x08000b78   Section        0  stm32f0xx_it.o(.text.DMA1_Channel1_IRQHandler)
    __arm_cp.7_0                             0x08000b84   Number         4  stm32f0xx_it.o(.text.DMA1_Channel1_IRQHandler)
    [Anonymous Symbol]                       0x08000b88   Section        0  stm32f0xx_it.o(.text.DMA1_Channel2_3_IRQHandler)
    __arm_cp.8_0                             0x08000b98   Number         4  stm32f0xx_it.o(.text.DMA1_Channel2_3_IRQHandler)
    __arm_cp.8_1                             0x08000b9c   Number         4  stm32f0xx_it.o(.text.DMA1_Channel2_3_IRQHandler)
    [Anonymous Symbol]                       0x08000ba0   Section        0  stm32f0xx_it.o(.text.EXTI0_1_IRQHandler)
    [Anonymous Symbol]                       0x08000bb0   Section        0  stm32f0xx_it.o(.text.EXTI4_15_IRQHandler)
    [Anonymous Symbol]                       0x08000bc8   Section        0  main.o(.text.Error_Handler)
    [Anonymous Symbol]                       0x08000bd0   Section        0  stm32f0xx_hal_flash.o(.text.FLASH_WaitForLastOperation)
    __arm_cp.1_0                             0x08000c74   Number         4  stm32f0xx_hal_flash.o(.text.FLASH_WaitForLastOperation)
    __arm_cp.1_1                             0x08000c78   Number         4  stm32f0xx_hal_flash.o(.text.FLASH_WaitForLastOperation)
    [Anonymous Symbol]                       0x08000c7c   Section        0  stm32f0xx_hal_adc.o(.text.HAL_ADC_ConfigChannel)
    __arm_cp.22_0                            0x08000d98   Number         4  stm32f0xx_hal_adc.o(.text.HAL_ADC_ConfigChannel)
    __arm_cp.22_1                            0x08000d9c   Number         4  stm32f0xx_hal_adc.o(.text.HAL_ADC_ConfigChannel)
    __arm_cp.22_2                            0x08000da0   Number         4  stm32f0xx_hal_adc.o(.text.HAL_ADC_ConfigChannel)
    __arm_cp.22_3                            0x08000da4   Number         4  stm32f0xx_hal_adc.o(.text.HAL_ADC_ConfigChannel)
    __arm_cp.22_4                            0x08000da8   Number         4  stm32f0xx_hal_adc.o(.text.HAL_ADC_ConfigChannel)
    __arm_cp.22_5                            0x08000dac   Number         4  stm32f0xx_hal_adc.o(.text.HAL_ADC_ConfigChannel)
    [Anonymous Symbol]                       0x08000db0   Section        0  stm32f0xx_hal_adc.o(.text.HAL_ADC_ConvCpltCallback)
    [Anonymous Symbol]                       0x08000db2   Section        0  stm32f0xx_hal_adc.o(.text.HAL_ADC_ConvHalfCpltCallback)
    [Anonymous Symbol]                       0x08000db4   Section        0  stm32f0xx_hal_adc.o(.text.HAL_ADC_ErrorCallback)
    [Anonymous Symbol]                       0x08000db8   Section        0  stm32f0xx_hal_adc.o(.text.HAL_ADC_Init)
    __arm_cp.0_0                             0x08000f08   Number         4  stm32f0xx_hal_adc.o(.text.HAL_ADC_Init)
    __arm_cp.0_1                             0x08000f0c   Number         4  stm32f0xx_hal_adc.o(.text.HAL_ADC_Init)
    [Anonymous Symbol]                       0x08000f10   Section        0  stm32f0xx_hal_msp.o(.text.HAL_ADC_MspInit)
    __arm_cp.1_0                             0x08000f94   Number         4  stm32f0xx_hal_msp.o(.text.HAL_ADC_MspInit)
    __arm_cp.1_1                             0x08000f98   Number         4  stm32f0xx_hal_msp.o(.text.HAL_ADC_MspInit)
    __arm_cp.1_2                             0x08000f9c   Number         4  stm32f0xx_hal_msp.o(.text.HAL_ADC_MspInit)
    __arm_cp.1_3                             0x08000fa0   Number         4  stm32f0xx_hal_msp.o(.text.HAL_ADC_MspInit)
    [Anonymous Symbol]                       0x08000fa4   Section        0  stm32f0xx_hal_adc.o(.text.HAL_ADC_Start_DMA)
    __arm_cp.11_0                            0x08001038   Number         4  stm32f0xx_hal_adc.o(.text.HAL_ADC_Start_DMA)
    __arm_cp.11_1                            0x0800103c   Number         4  stm32f0xx_hal_adc.o(.text.HAL_ADC_Start_DMA)
    __arm_cp.11_2                            0x08001040   Number         4  stm32f0xx_hal_adc.o(.text.HAL_ADC_Start_DMA)
    __arm_cp.11_3                            0x08001044   Number         4  stm32f0xx_hal_adc.o(.text.HAL_ADC_Start_DMA)
    [Anonymous Symbol]                       0x08001048   Section        0  stm32f0xx_hal_dma.o(.text.HAL_DMA_Abort)
    [Anonymous Symbol]                       0x08001088   Section        0  stm32f0xx_hal_dma.o(.text.HAL_DMA_Abort_IT)
    [Anonymous Symbol]                       0x080010cc   Section        0  stm32f0xx_hal_dma.o(.text.HAL_DMA_IRQHandler)
    [Anonymous Symbol]                       0x080011a0   Section        0  stm32f0xx_hal_dma.o(.text.HAL_DMA_Init)
    __arm_cp.0_0                             0x08001210   Number         4  stm32f0xx_hal_dma.o(.text.HAL_DMA_Init)
    __arm_cp.0_1                             0x08001214   Number         4  stm32f0xx_hal_dma.o(.text.HAL_DMA_Init)
    __arm_cp.0_2                             0x08001218   Number         4  stm32f0xx_hal_dma.o(.text.HAL_DMA_Init)
    [Anonymous Symbol]                       0x0800121c   Section        0  stm32f0xx_hal_dma.o(.text.HAL_DMA_Start_IT)
    [Anonymous Symbol]                       0x080012a0   Section        0  stm32f0xx_hal.o(.text.HAL_Delay)
    __arm_cp.10_0                            0x080012c0   Number         4  stm32f0xx_hal.o(.text.HAL_Delay)
    [Anonymous Symbol]                       0x080012c4   Section        0  stm32f0xx_hal_flash_ex.o(.text.HAL_FLASHEx_Erase)
    [Anonymous Symbol]                       0x08001388   Section        0  stm32f0xx_hal_flash.o(.text.HAL_FLASH_Lock)
    __arm_cp.7_0                             0x08001398   Number         4  stm32f0xx_hal_flash.o(.text.HAL_FLASH_Lock)
    [Anonymous Symbol]                       0x0800139c   Section        0  stm32f0xx_hal_flash.o(.text.HAL_FLASH_Program)
    __arm_cp.0_0                             0x080014e4   Number         4  stm32f0xx_hal_flash.o(.text.HAL_FLASH_Program)
    __arm_cp.0_1                             0x080014e8   Number         4  stm32f0xx_hal_flash.o(.text.HAL_FLASH_Program)
    __arm_cp.0_2                             0x080014ec   Number         4  stm32f0xx_hal_flash.o(.text.HAL_FLASH_Program)
    [Anonymous Symbol]                       0x080014f0   Section        0  stm32f0xx_hal_flash.o(.text.HAL_FLASH_Unlock)
    __arm_cp.6_0                             0x0800150c   Number         4  stm32f0xx_hal_flash.o(.text.HAL_FLASH_Unlock)
    __arm_cp.6_1                             0x08001510   Number         4  stm32f0xx_hal_flash.o(.text.HAL_FLASH_Unlock)
    __arm_cp.6_2                             0x08001514   Number         4  stm32f0xx_hal_flash.o(.text.HAL_FLASH_Unlock)
    [Anonymous Symbol]                       0x08001518   Section        0  main.o(.text.HAL_GPIO_EXTI_Callback)
    __arm_cp.6_0                             0x080016a8   Number         4  main.o(.text.HAL_GPIO_EXTI_Callback)
    __arm_cp.6_1                             0x080016ac   Number         4  main.o(.text.HAL_GPIO_EXTI_Callback)
    __arm_cp.6_2                             0x080016b0   Number         4  main.o(.text.HAL_GPIO_EXTI_Callback)
    __arm_cp.6_3                             0x080016b4   Number         4  main.o(.text.HAL_GPIO_EXTI_Callback)
    __arm_cp.6_4                             0x080016b8   Number         4  main.o(.text.HAL_GPIO_EXTI_Callback)
    __arm_cp.6_5                             0x080016bc   Number         4  main.o(.text.HAL_GPIO_EXTI_Callback)
    [Anonymous Symbol]                       0x080016c0   Section        0  stm32f0xx_hal_gpio.o(.text.HAL_GPIO_EXTI_IRQHandler)
    __arm_cp.6_0                             0x080016d4   Number         4  stm32f0xx_hal_gpio.o(.text.HAL_GPIO_EXTI_IRQHandler)
    [Anonymous Symbol]                       0x080016d8   Section        0  stm32f0xx_hal_gpio.o(.text.HAL_GPIO_Init)
    __arm_cp.0_0                             0x08001898   Number         4  stm32f0xx_hal_gpio.o(.text.HAL_GPIO_Init)
    __arm_cp.0_1                             0x0800189c   Number         4  stm32f0xx_hal_gpio.o(.text.HAL_GPIO_Init)
    __arm_cp.0_3                             0x080018a0   Number         4  stm32f0xx_hal_gpio.o(.text.HAL_GPIO_Init)
    __arm_cp.0_4                             0x080018a4   Number         4  stm32f0xx_hal_gpio.o(.text.HAL_GPIO_Init)
    __arm_cp.0_5                             0x080018a8   Number         4  stm32f0xx_hal_gpio.o(.text.HAL_GPIO_Init)
    [Anonymous Symbol]                       0x080018ac   Section        0  stm32f0xx_hal_gpio.o(.text.HAL_GPIO_ReadPin)
    [Anonymous Symbol]                       0x080018b6   Section        0  stm32f0xx_hal_gpio.o(.text.HAL_GPIO_WritePin)
    [Anonymous Symbol]                       0x080018c8   Section        0  stm32f0xx_hal.o(.text.HAL_GetTick)
    [Anonymous Symbol]                       0x080018d0   Section        0  stm32f0xx_hal.o(.text.HAL_IncTick)
    __arm_cp.5_1                             0x080018e0   Number         4  stm32f0xx_hal.o(.text.HAL_IncTick)
    [Anonymous Symbol]                       0x080018e4   Section        0  stm32f0xx_hal.o(.text.HAL_Init)
    [Anonymous Symbol]                       0x08001900   Section        0  stm32f0xx_hal.o(.text.HAL_InitTick)
    __arm_cp.1_0                             0x0800193c   Number         4  stm32f0xx_hal.o(.text.HAL_InitTick)
    [Anonymous Symbol]                       0x08001940   Section        0  stm32f0xx_hal_msp.o(.text.HAL_MspInit)
    __arm_cp.0_0                             0x08001968   Number         4  stm32f0xx_hal_msp.o(.text.HAL_MspInit)
    [Anonymous Symbol]                       0x0800196c   Section        0  stm32f0xx_hal_cortex.o(.text.HAL_NVIC_EnableIRQ)
    __arm_cp.1_0                             0x08001980   Number         4  stm32f0xx_hal_cortex.o(.text.HAL_NVIC_EnableIRQ)
    [Anonymous Symbol]                       0x08001984   Section        0  stm32f0xx_hal_cortex.o(.text.HAL_NVIC_SetPriority)
    __arm_cp.0_0                             0x080019bc   Number         4  stm32f0xx_hal_cortex.o(.text.HAL_NVIC_SetPriority)
    __arm_cp.0_1                             0x080019c0   Number         4  stm32f0xx_hal_cortex.o(.text.HAL_NVIC_SetPriority)
    [Anonymous Symbol]                       0x080019c4   Section        0  stm32f0xx_hal_rcc_ex.o(.text.HAL_RCCEx_PeriphCLKConfig)
    __arm_cp.0_0                             0x08001ab8   Number         4  stm32f0xx_hal_rcc_ex.o(.text.HAL_RCCEx_PeriphCLKConfig)
    __arm_cp.0_1                             0x08001abc   Number         4  stm32f0xx_hal_rcc_ex.o(.text.HAL_RCCEx_PeriphCLKConfig)
    __arm_cp.0_2                             0x08001ac0   Number         4  stm32f0xx_hal_rcc_ex.o(.text.HAL_RCCEx_PeriphCLKConfig)
    [Anonymous Symbol]                       0x08001ac4   Section        0  stm32f0xx_hal_rcc.o(.text.HAL_RCC_ClockConfig)
    __arm_cp.2_0                             0x08001bfc   Number         4  stm32f0xx_hal_rcc.o(.text.HAL_RCC_ClockConfig)
    __arm_cp.2_2                             0x08001c00   Number         4  stm32f0xx_hal_rcc.o(.text.HAL_RCC_ClockConfig)
    __arm_cp.2_7                             0x08001c04   Number         4  stm32f0xx_hal_rcc.o(.text.HAL_RCC_ClockConfig)
    [Anonymous Symbol]                       0x08001c08   Section        0  stm32f0xx_hal_rcc.o(.text.HAL_RCC_GetPCLK1Freq)
    __arm_cp.8_0                             0x08001c1c   Number         4  stm32f0xx_hal_rcc.o(.text.HAL_RCC_GetPCLK1Freq)
    __arm_cp.8_2                             0x08001c20   Number         4  stm32f0xx_hal_rcc.o(.text.HAL_RCC_GetPCLK1Freq)
    [Anonymous Symbol]                       0x08001c24   Section        0  stm32f0xx_hal_rcc.o(.text.HAL_RCC_GetSysClockFreq)
    __arm_cp.3_0                             0x08001c5c   Number         4  stm32f0xx_hal_rcc.o(.text.HAL_RCC_GetSysClockFreq)
    __arm_cp.3_1                             0x08001c60   Number         4  stm32f0xx_hal_rcc.o(.text.HAL_RCC_GetSysClockFreq)
    __arm_cp.3_2                             0x08001c64   Number         4  stm32f0xx_hal_rcc.o(.text.HAL_RCC_GetSysClockFreq)
    __arm_cp.3_3                             0x08001c68   Number         4  stm32f0xx_hal_rcc.o(.text.HAL_RCC_GetSysClockFreq)
    __arm_cp.3_4                             0x08001c6c   Number         4  stm32f0xx_hal_rcc.o(.text.HAL_RCC_GetSysClockFreq)
    [Anonymous Symbol]                       0x08001c70   Section        0  stm32f0xx_hal_rcc.o(.text.HAL_RCC_OscConfig)
    __arm_cp.1_0                             0x08002058   Number         4  stm32f0xx_hal_rcc.o(.text.HAL_RCC_OscConfig)
    __arm_cp.1_1                             0x0800205c   Number         4  stm32f0xx_hal_rcc.o(.text.HAL_RCC_OscConfig)
    __arm_cp.1_2                             0x08002060   Number         4  stm32f0xx_hal_rcc.o(.text.HAL_RCC_OscConfig)
    [Anonymous Symbol]                       0x08002064   Section        0  stm32f0xx_hal_spi.o(.text.HAL_SPI_Init)
    __arm_cp.0_0                             0x0800215c   Number         4  stm32f0xx_hal_spi.o(.text.HAL_SPI_Init)
    [Anonymous Symbol]                       0x08002160   Section        0  stm32f0xx_hal_msp.o(.text.HAL_SPI_MspInit)
    __arm_cp.3_0                             0x080021b4   Number         4  stm32f0xx_hal_msp.o(.text.HAL_SPI_MspInit)
    __arm_cp.3_2                             0x080021b8   Number         4  stm32f0xx_hal_msp.o(.text.HAL_SPI_MspInit)
    [Anonymous Symbol]                       0x080021bc   Section        0  stm32f0xx_hal_cortex.o(.text.HAL_SYSTICK_Config)
    __arm_cp.4_0                             0x080021e4   Number         4  stm32f0xx_hal_cortex.o(.text.HAL_SYSTICK_Config)
    __arm_cp.4_1                             0x080021e8   Number         4  stm32f0xx_hal_cortex.o(.text.HAL_SYSTICK_Config)
    __arm_cp.4_2                             0x080021ec   Number         4  stm32f0xx_hal_cortex.o(.text.HAL_SYSTICK_Config)
    [Anonymous Symbol]                       0x080021f0   Section        0  stm32f0xx_hal_tim.o(.text.HAL_TIM_Base_Init)
    __arm_cp.0_1                             0x080022a8   Number         4  stm32f0xx_hal_tim.o(.text.HAL_TIM_Base_Init)
    __arm_cp.0_2                             0x080022ac   Number         4  stm32f0xx_hal_tim.o(.text.HAL_TIM_Base_Init)
    [Anonymous Symbol]                       0x080022b0   Section        0  stm32f0xx_hal_msp.o(.text.HAL_TIM_Base_MspInit)
    __arm_cp.5_1                             0x080022d8   Number         4  stm32f0xx_hal_msp.o(.text.HAL_TIM_Base_MspInit)
    [Anonymous Symbol]                       0x080022dc   Section        0  stm32f0xx_hal_msp.o(.text.HAL_TIM_MspPostInit)
    __arm_cp.6_0                             0x08002320   Number         4  stm32f0xx_hal_msp.o(.text.HAL_TIM_MspPostInit)
    __arm_cp.6_1                             0x08002324   Number         4  stm32f0xx_hal_msp.o(.text.HAL_TIM_MspPostInit)
    [Anonymous Symbol]                       0x08002328   Section        0  stm32f0xx_hal_tim.o(.text.HAL_TIM_PWM_ConfigChannel)
    __arm_cp.77_0                            0x08002590   Number         4  stm32f0xx_hal_tim.o(.text.HAL_TIM_PWM_ConfigChannel)
    __arm_cp.77_1                            0x08002594   Number         4  stm32f0xx_hal_tim.o(.text.HAL_TIM_PWM_ConfigChannel)
    __arm_cp.77_2                            0x08002598   Number         4  stm32f0xx_hal_tim.o(.text.HAL_TIM_PWM_ConfigChannel)
    __arm_cp.77_3                            0x0800259c   Number         4  stm32f0xx_hal_tim.o(.text.HAL_TIM_PWM_ConfigChannel)
    [Anonymous Symbol]                       0x080025a0   Section        0  stm32f0xx_hal_tim.o(.text.HAL_TIM_PWM_Init)
    __arm_cp.27_2                            0x08002658   Number         4  stm32f0xx_hal_tim.o(.text.HAL_TIM_PWM_Init)
    __arm_cp.27_4                            0x0800265c   Number         4  stm32f0xx_hal_tim.o(.text.HAL_TIM_PWM_Init)
    __arm_cp.27_5                            0x08002660   Number         4  stm32f0xx_hal_tim.o(.text.HAL_TIM_PWM_Init)
    [Anonymous Symbol]                       0x08002664   Section        0  stm32f0xx_hal_tim.o(.text.HAL_TIM_PWM_MspInit)
    [Anonymous Symbol]                       0x08002668   Section        0  stm32f0xx_hal_tim.o(.text.HAL_TIM_PWM_Start)
    __arm_cp.31_0                            0x08002714   Number         4  stm32f0xx_hal_tim.o(.text.HAL_TIM_PWM_Start)
    __arm_cp.31_1                            0x08002718   Number         4  stm32f0xx_hal_tim.o(.text.HAL_TIM_PWM_Start)
    __arm_cp.31_2                            0x0800271c   Number         4  stm32f0xx_hal_tim.o(.text.HAL_TIM_PWM_Start)
    __arm_cp.31_3                            0x08002720   Number         4  stm32f0xx_hal_tim.o(.text.HAL_TIM_PWM_Start)
    __arm_cp.31_4                            0x08002724   Number         4  stm32f0xx_hal_tim.o(.text.HAL_TIM_PWM_Start)
    [Anonymous Symbol]                       0x08002728   Section        0  stm32f0xx_hal_tim.o(.text.HAL_TIM_PWM_Stop)
    __arm_cp.32_0                            0x080027ac   Number         4  stm32f0xx_hal_tim.o(.text.HAL_TIM_PWM_Stop)
    __arm_cp.32_1                            0x080027b0   Number         4  stm32f0xx_hal_tim.o(.text.HAL_TIM_PWM_Stop)
    __arm_cp.32_2                            0x080027b4   Number         4  stm32f0xx_hal_tim.o(.text.HAL_TIM_PWM_Stop)
    __arm_cp.32_3                            0x080027b8   Number         4  stm32f0xx_hal_tim.o(.text.HAL_TIM_PWM_Stop)
    __arm_cp.32_4                            0x080027bc   Number         4  stm32f0xx_hal_tim.o(.text.HAL_TIM_PWM_Stop)
    [Anonymous Symbol]                       0x080027c0   Section        0  stm32f0xx_hal_uart.o(.text.HAL_UARTEx_RxEventCallback)
    [Anonymous Symbol]                       0x080027c2   Section        0  stm32f0xx_hal_uart.o(.text.HAL_UART_ErrorCallback)
    [Anonymous Symbol]                       0x080027c4   Section        0  stm32f0xx_hal_uart.o(.text.HAL_UART_IRQHandler)
    __arm_cp.39_0                            0x08002b5c   Number         4  stm32f0xx_hal_uart.o(.text.HAL_UART_IRQHandler)
    __arm_cp.39_1                            0x08002b60   Number         4  stm32f0xx_hal_uart.o(.text.HAL_UART_IRQHandler)
    __arm_cp.39_2                            0x08002b64   Number         4  stm32f0xx_hal_uart.o(.text.HAL_UART_IRQHandler)
    [Anonymous Symbol]                       0x08002b68   Section        0  stm32f0xx_hal_uart.o(.text.HAL_UART_Init)
    __arm_cp.0_0                             0x08002c30   Number         4  stm32f0xx_hal_uart.o(.text.HAL_UART_Init)
    [Anonymous Symbol]                       0x08002c34   Section        0  stm32f0xx_hal_msp.o(.text.HAL_UART_MspInit)
    __arm_cp.8_0                             0x08002cec   Number         4  stm32f0xx_hal_msp.o(.text.HAL_UART_MspInit)
    __arm_cp.8_1                             0x08002cf0   Number         4  stm32f0xx_hal_msp.o(.text.HAL_UART_MspInit)
    __arm_cp.8_2                             0x08002cf4   Number         4  stm32f0xx_hal_msp.o(.text.HAL_UART_MspInit)
    __arm_cp.8_3                             0x08002cf8   Number         4  stm32f0xx_hal_msp.o(.text.HAL_UART_MspInit)
    __arm_cp.8_4                             0x08002cfc   Number         4  stm32f0xx_hal_msp.o(.text.HAL_UART_MspInit)
    __arm_cp.8_5                             0x08002d00   Number         4  stm32f0xx_hal_msp.o(.text.HAL_UART_MspInit)
    [Anonymous Symbol]                       0x08002d04   Section        0  stm32f0xx_hal_uart.o(.text.HAL_UART_Receive_DMA)
    __arm_cp.21_0                            0x08002e08   Number         4  stm32f0xx_hal_uart.o(.text.HAL_UART_Receive_DMA)
    __arm_cp.21_1                            0x08002e0c   Number         4  stm32f0xx_hal_uart.o(.text.HAL_UART_Receive_DMA)
    __arm_cp.21_2                            0x08002e10   Number         4  stm32f0xx_hal_uart.o(.text.HAL_UART_Receive_DMA)
    [Anonymous Symbol]                       0x08002e14   Section        0  stm32f0xx_hal_uart.o(.text.HAL_UART_RxCpltCallback)
    [Anonymous Symbol]                       0x08002e16   Section        0  stm32f0xx_hal_uart.o(.text.HAL_UART_RxHalfCpltCallback)
    [Anonymous Symbol]                       0x08002e18   Section        0  stm32f0xx_hal_uart.o(.text.HAL_UART_TxCpltCallback)
    [Anonymous Symbol]                       0x08002e1a   Section        0  stm32f0xx_it.o(.text.HardFault_Handler)
    [Anonymous Symbol]                       0x08002e1c   Section        0  stm32f0xx_it.o(.text.NMI_Handler)
    [Anonymous Symbol]                       0x08002e1e   Section        0  stm32f0xx_it.o(.text.PendSV_Handler)
    [Anonymous Symbol]                       0x08002e20   Section        0  stm32f0xx_it.o(.text.SVC_Handler)
    [Anonymous Symbol]                       0x08002e24   Section        0  main.o(.text.Setup_value_compare)
    __arm_cp.3_0                             0x08002eac   Number         4  main.o(.text.Setup_value_compare)
    __arm_cp.3_1                             0x08002eb0   Number         4  main.o(.text.Setup_value_compare)
    __arm_cp.3_2                             0x08002eb4   Number         4  main.o(.text.Setup_value_compare)
    __arm_cp.3_3                             0x08002eb8   Number         4  main.o(.text.Setup_value_compare)
    __arm_cp.3_4                             0x08002ebc   Number         4  main.o(.text.Setup_value_compare)
    __arm_cp.3_5                             0x08002ec0   Number         4  main.o(.text.Setup_value_compare)
    __arm_cp.3_6                             0x08002ec4   Number         4  main.o(.text.Setup_value_compare)
    __arm_cp.3_7                             0x08002ec8   Number         4  main.o(.text.Setup_value_compare)
    __arm_cp.3_8                             0x08002ecc   Number         4  main.o(.text.Setup_value_compare)
    __arm_cp.3_9                             0x08002ed0   Number         4  main.o(.text.Setup_value_compare)
    __arm_cp.3_10                            0x08002ed4   Number         4  main.o(.text.Setup_value_compare)
    __arm_cp.3_11                            0x08002ed8   Number         4  main.o(.text.Setup_value_compare)
    __arm_cp.3_12                            0x08002edc   Number         4  main.o(.text.Setup_value_compare)
    __arm_cp.3_13                            0x08002ee0   Number         4  main.o(.text.Setup_value_compare)
    __arm_cp.3_14                            0x08002ee4   Number         4  main.o(.text.Setup_value_compare)
    [Anonymous Symbol]                       0x08002ee8   Section        0  stm32f0xx_it.o(.text.SysTick_Handler)
    [Anonymous Symbol]                       0x08002ef0   Section        0  system_stm32f0xx.o(.text.SystemInit)
    [Anonymous Symbol]                       0x08002ef2   Section        0  stm32f0xx_hal_uart.o(.text.UART_AdvFeatureConfig)
    UART_DMAAbortOnError                     0x08002fc5   Thumb Code    22  stm32f0xx_hal_uart.o(.text.UART_DMAAbortOnError)
    [Anonymous Symbol]                       0x08002fc4   Section        0  stm32f0xx_hal_uart.o(.text.UART_DMAAbortOnError)
    UART_DMAError                            0x08002fdb   Thumb Code   176  stm32f0xx_hal_uart.o(.text.UART_DMAError)
    [Anonymous Symbol]                       0x08002fda   Section        0  stm32f0xx_hal_uart.o(.text.UART_DMAError)
    UART_DMAReceiveCplt                      0x0800308b   Thumb Code   138  stm32f0xx_hal_uart.o(.text.UART_DMAReceiveCplt)
    [Anonymous Symbol]                       0x0800308a   Section        0  stm32f0xx_hal_uart.o(.text.UART_DMAReceiveCplt)
    UART_DMARxHalfCplt                       0x08003115   Thumb Code    28  stm32f0xx_hal_uart.o(.text.UART_DMARxHalfCplt)
    [Anonymous Symbol]                       0x08003114   Section        0  stm32f0xx_hal_uart.o(.text.UART_DMARxHalfCplt)
    [Anonymous Symbol]                       0x08003130   Section        0  stm32f0xx_hal_uart.o(.text.UART_SetConfig)
    __arm_cp.2_0                             0x0800321c   Number         4  stm32f0xx_hal_uart.o(.text.UART_SetConfig)
    __arm_cp.2_1                             0x08003220   Number         4  stm32f0xx_hal_uart.o(.text.UART_SetConfig)
    __arm_cp.2_3                             0x08003234   Number         4  stm32f0xx_hal_uart.o(.text.UART_SetConfig)
    __arm_cp.2_4                             0x08003238   Number         4  stm32f0xx_hal_uart.o(.text.UART_SetConfig)
    [Anonymous Symbol]                       0x0800323c   Section        0  stm32f0xx_hal_uart.o(.text.UART_WaitOnFlagUntilTimeout)
    [Anonymous Symbol]                       0x08003374   Section        0  stm32f0xx_it.o(.text.USART1_IRQHandler)
    __arm_cp.9_0                             0x08003380   Number         4  stm32f0xx_it.o(.text.USART1_IRQHandler)
    [Anonymous Symbol]                       0x08003384   Section        0  main.o(.text.main)
    __arm_cp.0_15                            0x08003744   Number         4  main.o(.text.main)
    __arm_cp.0_17                            0x0800374c   Number         4  main.o(.text.main)
    __arm_cp.0_0                             0x0800387c   Number         4  main.o(.text.main)
    __arm_cp.0_2                             0x08003880   Number         4  main.o(.text.main)
    __arm_cp.0_4                             0x08003884   Number         4  main.o(.text.main)
    __arm_cp.0_5                             0x08003888   Number         4  main.o(.text.main)
    __arm_cp.0_6                             0x0800388c   Number         4  main.o(.text.main)
    __arm_cp.0_7                             0x08003890   Number         4  main.o(.text.main)
    __arm_cp.0_8                             0x08003894   Number         4  main.o(.text.main)
    __arm_cp.0_9                             0x08003898   Number         4  main.o(.text.main)
    __arm_cp.0_10                            0x0800389c   Number         4  main.o(.text.main)
    __arm_cp.0_11                            0x080038a0   Number         4  main.o(.text.main)
    __arm_cp.0_12                            0x080038a4   Number         4  main.o(.text.main)
    __arm_cp.0_13                            0x080038a8   Number         4  main.o(.text.main)
    .text_divfast                            0x080038ac   Section      502  aeabi_sdivfast.o(.text_divfast)
    i._fgr                                   0x08003aa2   Section        0  fcmp.o(i._fgr)
    i._fleq                                  0x08003ab8   Section        0  fcmp.o(i._fleq)
    i._fls                                   0x08003ad2   Section        0  fcmp.o(i._fls)
    x$fpl$fadd                               0x08003ae8   Section      140  faddsub.o(x$fpl$fadd)
    _fadd1                                   0x08003af5   Thumb Code     0  faddsub.o(x$fpl$fadd)
    x$fpl$fgeqf                              0x08003b74   Section       84  fgef.o(x$fpl$fgeqf)
    x$fpl$fleqf                              0x08003bc8   Section       84  flef.o(x$fpl$fleqf)
    x$fpl$fsub                               0x08003c1c   Section      208  faddsub.o(x$fpl$fsub)
    _fsub1                                   0x08003c29   Thumb Code     0  faddsub.o(x$fpl$fsub)
    x$fpl$usenofp                            0x08003cec   Section        0  usenofp.o(x$fpl$usenofp)
    [Anonymous Symbol]                       0x08003d04   Section        0  stm32f0xx_hal_rcc.o(.rodata.cst16)
    [Anonymous Symbol]                       0x20000000   Section        0  stm32f0xx_hal.o(.data..L_MergedGlobals)
    .bss                                     0x20000010   Section       96  libspace.o(.bss)
    [Anonymous Symbol]                       0x20000070   Section        0  main.o(.bss..L_MergedGlobals)
    Heap_Mem                                 0x20000330   Data         512  startup_stm32f030x6.o(HEAP)
    HEAP                                     0x20000330   Section      512  startup_stm32f030x6.o(HEAP)
    Stack_Mem                                0x20000530   Data        1024  startup_stm32f030x6.o(STACK)
    STACK                                    0x20000530   Section     1024  startup_stm32f030x6.o(STACK)
    __initial_sp                             0x20000930   Data           0  startup_stm32f030x6.o(STACK)

    Global Symbols

    Symbol Name                              Value     Ov Type        Size  Object(Section)

    BuildAttributes$$THM_ISAv3M$S$PE$A:L22$X:L11$S22$IEEE1$IW$~IW$USESV6$~STKCKD$USESV7$~SHL$OTIME$ROPI$EBA8$UX$STANDARDLIB$REQ8$PRES8$EABIv2 0x00000000   Number         0  anon$$obj.o ABSOLUTE
    __ARM_exceptions_init                     - Undefined Weak Reference
    __alloca_initialize                       - Undefined Weak Reference
    __arm_preinit_                            - Undefined Weak Reference
    __arm_relocate_pie_                       - Undefined Weak Reference
    __cpp_initialize__aeabi_                  - Undefined Weak Reference
    __cxa_finalize                            - Undefined Weak Reference
    __rt_locale                               - Undefined Weak Reference
    __sigvec_lookup                           - Undefined Weak Reference
    _atexit_init                              - Undefined Weak Reference
    _call_atexit_fns                          - Undefined Weak Reference
    _clock_init                               - Undefined Weak Reference
    _fp_trap_init                             - Undefined Weak Reference
    _fp_trap_shutdown                         - Undefined Weak Reference
    _get_lc_collate                           - Undefined Weak Reference
    _get_lc_ctype                             - Undefined Weak Reference
    _get_lc_monetary                          - Undefined Weak Reference
    _get_lc_numeric                           - Undefined Weak Reference
    _get_lc_time                              - Undefined Weak Reference
    _getenv_init                              - Undefined Weak Reference
    _handle_redirection                       - Undefined Weak Reference
    _init_alloc                               - Undefined Weak Reference
    _init_user_alloc                          - Undefined Weak Reference
    _initio                                   - Undefined Weak Reference
    _rand_init                                - Undefined Weak Reference
    _signal_finish                            - Undefined Weak Reference
    _signal_init                              - Undefined Weak Reference
    _terminate_alloc                          - Undefined Weak Reference
    _terminate_user_alloc                     - Undefined Weak Reference
    _terminateio                              - Undefined Weak Reference
    __Vectors_Size                           0x000000b0   Number         0  startup_stm32f030x6.o ABSOLUTE
    __Vectors                                0x08000000   Data           4  startup_stm32f030x6.o(RESET)
    __Vectors_End                            0x080000b0   Data           0  startup_stm32f030x6.o(RESET)
    __main                                   0x080000b1   Thumb Code     8  __main.o(!!!main)
    __scatterload                            0x080000b9   Thumb Code     0  __scatter.o(!!!scatter)
    __scatterload_rt2                        0x080000b9   Thumb Code    52  __scatter.o(!!!scatter)
    __scatterload_rt2_thumb_only             0x080000b9   Thumb Code     0  __scatter.o(!!!scatter)
    __scatterload_null                       0x080000c9   Thumb Code     0  __scatter.o(!!!scatter)
    __scatterload_copy                       0x080000f5   Thumb Code    26  __scatter_copy.o(!!handler_copy)
    __scatterload_zeroinit                   0x08000111   Thumb Code    28  __scatter_zi.o(!!handler_zi)
    __rt_lib_init                            0x0800012d   Thumb Code     0  libinit.o(.ARM.Collect$$libinit$$00000000)
    __rt_lib_init_alloca_1                   0x0800012f   Thumb Code     0  libinit2.o(.ARM.Collect$$libinit$$00000030)
    __rt_lib_init_argv_1                     0x0800012f   Thumb Code     0  libinit2.o(.ARM.Collect$$libinit$$0000002E)
    __rt_lib_init_atexit_1                   0x0800012f   Thumb Code     0  libinit2.o(.ARM.Collect$$libinit$$0000001D)
    __rt_lib_init_clock_1                    0x0800012f   Thumb Code     0  libinit2.o(.ARM.Collect$$libinit$$00000023)
    __rt_lib_init_cpp_1                      0x0800012f   Thumb Code     0  libinit2.o(.ARM.Collect$$libinit$$00000034)
    __rt_lib_init_exceptions_1               0x0800012f   Thumb Code     0  libinit2.o(.ARM.Collect$$libinit$$00000032)
    __rt_lib_init_fp_1                       0x0800012f   Thumb Code     0  libinit2.o(.ARM.Collect$$libinit$$00000002)
    __rt_lib_init_fp_trap_1                  0x0800012f   Thumb Code     0  libinit2.o(.ARM.Collect$$libinit$$00000021)
    __rt_lib_init_getenv_1                   0x0800012f   Thumb Code     0  libinit2.o(.ARM.Collect$$libinit$$00000025)
    __rt_lib_init_heap_1                     0x0800012f   Thumb Code     0  libinit2.o(.ARM.Collect$$libinit$$0000000C)
    __rt_lib_init_lc_collate_1               0x0800012f   Thumb Code     0  libinit2.o(.ARM.Collect$$libinit$$00000013)
    __rt_lib_init_lc_ctype_1                 0x0800012f   Thumb Code     0  libinit2.o(.ARM.Collect$$libinit$$00000015)
    __rt_lib_init_lc_monetary_1              0x0800012f   Thumb Code     0  libinit2.o(.ARM.Collect$$libinit$$00000017)
    __rt_lib_init_lc_numeric_1               0x0800012f   Thumb Code     0  libinit2.o(.ARM.Collect$$libinit$$00000019)
    __rt_lib_init_lc_time_1                  0x0800012f   Thumb Code     0  libinit2.o(.ARM.Collect$$libinit$$0000001B)
    __rt_lib_init_preinit_1                  0x0800012f   Thumb Code     0  libinit2.o(.ARM.Collect$$libinit$$00000006)
    __rt_lib_init_rand_1                     0x0800012f   Thumb Code     0  libinit2.o(.ARM.Collect$$libinit$$00000010)
    __rt_lib_init_relocate_pie_1             0x0800012f   Thumb Code     0  libinit2.o(.ARM.Collect$$libinit$$00000004)
    __rt_lib_init_return                     0x0800012f   Thumb Code     0  libinit2.o(.ARM.Collect$$libinit$$00000035)
    __rt_lib_init_signal_1                   0x0800012f   Thumb Code     0  libinit2.o(.ARM.Collect$$libinit$$0000001F)
    __rt_lib_init_stdio_1                    0x0800012f   Thumb Code     0  libinit2.o(.ARM.Collect$$libinit$$00000027)
    __rt_lib_init_user_alloc_1               0x0800012f   Thumb Code     0  libinit2.o(.ARM.Collect$$libinit$$0000000E)
    __rt_lib_shutdown                        0x08000131   Thumb Code     0  libshutdown.o(.ARM.Collect$$libshutdown$$00000000)
    __rt_lib_shutdown_cpp_1                  0x08000133   Thumb Code     0  libshutdown2.o(.ARM.Collect$$libshutdown$$00000002)
    __rt_lib_shutdown_fp_trap_1              0x08000133   Thumb Code     0  libshutdown2.o(.ARM.Collect$$libshutdown$$00000007)
    __rt_lib_shutdown_heap_1                 0x08000133   Thumb Code     0  libshutdown2.o(.ARM.Collect$$libshutdown$$0000000F)
    __rt_lib_shutdown_return                 0x08000133   Thumb Code     0  libshutdown2.o(.ARM.Collect$$libshutdown$$00000010)
    __rt_lib_shutdown_signal_1               0x08000133   Thumb Code     0  libshutdown2.o(.ARM.Collect$$libshutdown$$0000000A)
    __rt_lib_shutdown_stdio_1                0x08000133   Thumb Code     0  libshutdown2.o(.ARM.Collect$$libshutdown$$00000004)
    __rt_lib_shutdown_user_alloc_1           0x08000133   Thumb Code     0  libshutdown2.o(.ARM.Collect$$libshutdown$$0000000C)
    __rt_entry                               0x08000135   Thumb Code     0  __rtentry.o(.ARM.Collect$$rtentry$$00000000)
    __rt_entry_presh_1                       0x08000135   Thumb Code     0  __rtentry2.o(.ARM.Collect$$rtentry$$00000002)
    __rt_entry_sh                            0x08000135   Thumb Code     0  __rtentry4.o(.ARM.Collect$$rtentry$$00000004)
    __rt_entry_li                            0x0800013b   Thumb Code     0  __rtentry2.o(.ARM.Collect$$rtentry$$0000000A)
    __rt_entry_postsh_1                      0x0800013b   Thumb Code     0  __rtentry2.o(.ARM.Collect$$rtentry$$00000009)
    __rt_entry_main                          0x0800013f   Thumb Code     0  __rtentry2.o(.ARM.Collect$$rtentry$$0000000D)
    __rt_entry_postli_1                      0x0800013f   Thumb Code     0  __rtentry2.o(.ARM.Collect$$rtentry$$0000000C)
    __rt_exit                                0x08000147   Thumb Code     0  rtexit.o(.ARM.Collect$$rtexit$$00000000)
    __rt_exit_ls                             0x08000149   Thumb Code     0  rtexit2.o(.ARM.Collect$$rtexit$$00000003)
    __rt_exit_prels_1                        0x08000149   Thumb Code     0  rtexit2.o(.ARM.Collect$$rtexit$$00000002)
    __rt_exit_exit                           0x0800014d   Thumb Code     0  rtexit2.o(.ARM.Collect$$rtexit$$00000004)
    Reset_Handler                            0x08000155   Thumb Code     8  startup_stm32f030x6.o(.text)
    ADC1_IRQHandler                          0x08000167   Thumb Code     0  startup_stm32f030x6.o(.text)
    DMA1_Channel4_5_IRQHandler               0x08000167   Thumb Code     0  startup_stm32f030x6.o(.text)
    EXTI2_3_IRQHandler                       0x08000167   Thumb Code     0  startup_stm32f030x6.o(.text)
    FLASH_IRQHandler                         0x08000167   Thumb Code     0  startup_stm32f030x6.o(.text)
    I2C1_IRQHandler                          0x08000167   Thumb Code     0  startup_stm32f030x6.o(.text)
    RCC_IRQHandler                           0x08000167   Thumb Code     0  startup_stm32f030x6.o(.text)
    RTC_IRQHandler                           0x08000167   Thumb Code     0  startup_stm32f030x6.o(.text)
    SPI1_IRQHandler                          0x08000167   Thumb Code     0  startup_stm32f030x6.o(.text)
    TIM14_IRQHandler                         0x08000167   Thumb Code     0  startup_stm32f030x6.o(.text)
    TIM16_IRQHandler                         0x08000167   Thumb Code     0  startup_stm32f030x6.o(.text)
    TIM17_IRQHandler                         0x08000167   Thumb Code     0  startup_stm32f030x6.o(.text)
    TIM1_BRK_UP_TRG_COM_IRQHandler           0x08000167   Thumb Code     0  startup_stm32f030x6.o(.text)
    TIM1_CC_IRQHandler                       0x08000167   Thumb Code     0  startup_stm32f030x6.o(.text)
    TIM3_IRQHandler                          0x08000167   Thumb Code     0  startup_stm32f030x6.o(.text)
    WWDG_IRQHandler                          0x08000167   Thumb Code     0  startup_stm32f030x6.o(.text)
    __user_initial_stackheap                 0x08000169   Thumb Code     0  startup_stm32f030x6.o(.text)
    __aeabi_llsr                             0x0800018d   Thumb Code    34  llushr.o(.text)
    _ll_ushift_r                             0x0800018d   Thumb Code     0  llushr.o(.text)
    __use_two_region_memory                  0x080001af   Thumb Code     2  heapauxi.o(.text)
    __rt_heap_escrow$2region                 0x080001b1   Thumb Code     2  heapauxi.o(.text)
    __rt_heap_expand$2region                 0x080001b3   Thumb Code     2  heapauxi.o(.text)
    __aeabi_d2f                              0x080001b5   Thumb Code     0  d2f.o(.text)
    _d2f                                     0x080001b5   Thumb Code   120  d2f.o(.text)
    __aeabi_dadd                             0x08000529   Thumb Code     0  daddsub.o(.text)
    _dadd                                    0x08000529   Thumb Code    26  daddsub.o(.text)
    __aeabi_dsub                             0x08000543   Thumb Code     0  daddsub.o(.text)
    _dsub                                    0x08000543   Thumb Code    22  daddsub.o(.text)
    __aeabi_drsub                            0x08000559   Thumb Code     0  daddsub.o(.text)
    _drsb                                    0x08000559   Thumb Code    28  daddsub.o(.text)
    __aeabi_dmul                             0x08000589   Thumb Code     0  dmul.o(.text)
    _dmul                                    0x08000589   Thumb Code   558  dmul.o(.text)
    __aeabi_f2d                              0x080007d1   Thumb Code     0  f2d.o(.text)
    _f2d                                     0x080007d1   Thumb Code    80  f2d.o(.text)
    __aeabi_f2ulz                            0x08000825   Thumb Code     0  ffixul.o(.text)
    _ll_ufrom_f                              0x08000825   Thumb Code    74  ffixul.o(.text)
    __aeabi_i2f_normalise                    0x0800086f   Thumb Code    72  fflti.o(.text)
    __aeabi_i2f                              0x080008b7   Thumb Code    16  fflti.o(.text)
    _fflt                                    0x080008b7   Thumb Code     0  fflti.o(.text)
    __aeabi_ui2f                             0x080008c7   Thumb Code     6  fflti.o(.text)
    _ffltu                                   0x080008c7   Thumb Code     0  fflti.o(.text)
    __fpl_fcmp_InfNaN                        0x080008cd   Thumb Code    96  fcmpin.o(.text)
    __user_setup_stackheap                   0x08000931   Thumb Code    62  sys_stackheap_outer.o(.text)
    exit                                     0x0800096f   Thumb Code    16  exit.o(.text)
    __fpl_cmpreturn                          0x0800097f   Thumb Code    46  cmpret.o(.text)
    __fpl_fcheck_NaN2                        0x080009ad   Thumb Code    10  fnan2.o(.text)
    __user_libspace                          0x080009bd   Thumb Code     8  libspace.o(.text)
    __user_perproc_libspace                  0x080009bd   Thumb Code     0  libspace.o(.text)
    __user_perthread_libspace                0x080009bd   Thumb Code     0  libspace.o(.text)
    __fpl_return_NaN                         0x080009c5   Thumb Code    94  retnan.o(.text)
    _sys_exit                                0x08000a25   Thumb Code     8  sys_exit.o(.text)
    __I$use$semihosting                      0x08000a31   Thumb Code     0  use_no_semi.o(.text)
    __use_no_semihosting_swi                 0x08000a31   Thumb Code     2  use_no_semi.o(.text)
    __semihosting_library_function           0x08000a33   Thumb Code     0  indicate_semi.o(.text)
    DMA1_Channel1_IRQHandler                 0x08000b79   Thumb Code    12  stm32f0xx_it.o(.text.DMA1_Channel1_IRQHandler)
    DMA1_Channel2_3_IRQHandler               0x08000b89   Thumb Code    16  stm32f0xx_it.o(.text.DMA1_Channel2_3_IRQHandler)
    EXTI0_1_IRQHandler                       0x08000ba1   Thumb Code    16  stm32f0xx_it.o(.text.EXTI0_1_IRQHandler)
    EXTI4_15_IRQHandler                      0x08000bb1   Thumb Code    24  stm32f0xx_it.o(.text.EXTI4_15_IRQHandler)
    Error_Handler                            0x08000bc9   Thumb Code     8  main.o(.text.Error_Handler)
    FLASH_WaitForLastOperation               0x08000bd1   Thumb Code   164  stm32f0xx_hal_flash.o(.text.FLASH_WaitForLastOperation)
    HAL_ADC_ConfigChannel                    0x08000c7d   Thumb Code   284  stm32f0xx_hal_adc.o(.text.HAL_ADC_ConfigChannel)
    HAL_ADC_ConvCpltCallback                 0x08000db1   Thumb Code     2  stm32f0xx_hal_adc.o(.text.HAL_ADC_ConvCpltCallback)
    HAL_ADC_ConvHalfCpltCallback             0x08000db3   Thumb Code     2  stm32f0xx_hal_adc.o(.text.HAL_ADC_ConvHalfCpltCallback)
    HAL_ADC_ErrorCallback                    0x08000db5   Thumb Code     2  stm32f0xx_hal_adc.o(.text.HAL_ADC_ErrorCallback)
    HAL_ADC_Init                             0x08000db9   Thumb Code   336  stm32f0xx_hal_adc.o(.text.HAL_ADC_Init)
    HAL_ADC_MspInit                          0x08000f11   Thumb Code   132  stm32f0xx_hal_msp.o(.text.HAL_ADC_MspInit)
    HAL_ADC_Start_DMA                        0x08000fa5   Thumb Code   148  stm32f0xx_hal_adc.o(.text.HAL_ADC_Start_DMA)
    HAL_DMA_Abort                            0x08001049   Thumb Code    64  stm32f0xx_hal_dma.o(.text.HAL_DMA_Abort)
    HAL_DMA_Abort_IT                         0x08001089   Thumb Code    68  stm32f0xx_hal_dma.o(.text.HAL_DMA_Abort_IT)
    HAL_DMA_IRQHandler                       0x080010cd   Thumb Code   212  stm32f0xx_hal_dma.o(.text.HAL_DMA_IRQHandler)
    HAL_DMA_Init                             0x080011a1   Thumb Code   112  stm32f0xx_hal_dma.o(.text.HAL_DMA_Init)
    HAL_DMA_Start_IT                         0x0800121d   Thumb Code   130  stm32f0xx_hal_dma.o(.text.HAL_DMA_Start_IT)
    HAL_Delay                                0x080012a1   Thumb Code    32  stm32f0xx_hal.o(.text.HAL_Delay)
    HAL_FLASHEx_Erase                        0x080012c5   Thumb Code   196  stm32f0xx_hal_flash_ex.o(.text.HAL_FLASHEx_Erase)
    HAL_FLASH_Lock                           0x08001389   Thumb Code    16  stm32f0xx_hal_flash.o(.text.HAL_FLASH_Lock)
    HAL_FLASH_Program                        0x0800139d   Thumb Code   328  stm32f0xx_hal_flash.o(.text.HAL_FLASH_Program)
    HAL_FLASH_Unlock                         0x080014f1   Thumb Code    28  stm32f0xx_hal_flash.o(.text.HAL_FLASH_Unlock)
    HAL_GPIO_EXTI_Callback                   0x08001519   Thumb Code   400  main.o(.text.HAL_GPIO_EXTI_Callback)
    HAL_GPIO_EXTI_IRQHandler                 0x080016c1   Thumb Code    20  stm32f0xx_hal_gpio.o(.text.HAL_GPIO_EXTI_IRQHandler)
    HAL_GPIO_Init                            0x080016d9   Thumb Code   448  stm32f0xx_hal_gpio.o(.text.HAL_GPIO_Init)
    HAL_GPIO_ReadPin                         0x080018ad   Thumb Code    10  stm32f0xx_hal_gpio.o(.text.HAL_GPIO_ReadPin)
    HAL_GPIO_WritePin                        0x080018b7   Thumb Code    16  stm32f0xx_hal_gpio.o(.text.HAL_GPIO_WritePin)
    HAL_GetTick                              0x080018c9   Thumb Code     8  stm32f0xx_hal.o(.text.HAL_GetTick)
    HAL_IncTick                              0x080018d1   Thumb Code    16  stm32f0xx_hal.o(.text.HAL_IncTick)
    HAL_Init                                 0x080018e5   Thumb Code    28  stm32f0xx_hal.o(.text.HAL_Init)
    HAL_InitTick                             0x08001901   Thumb Code    60  stm32f0xx_hal.o(.text.HAL_InitTick)
    HAL_MspInit                              0x08001941   Thumb Code    40  stm32f0xx_hal_msp.o(.text.HAL_MspInit)
    HAL_NVIC_EnableIRQ                       0x0800196d   Thumb Code    20  stm32f0xx_hal_cortex.o(.text.HAL_NVIC_EnableIRQ)
    HAL_NVIC_SetPriority                     0x08001985   Thumb Code    56  stm32f0xx_hal_cortex.o(.text.HAL_NVIC_SetPriority)
    HAL_RCCEx_PeriphCLKConfig                0x080019c5   Thumb Code   244  stm32f0xx_hal_rcc_ex.o(.text.HAL_RCCEx_PeriphCLKConfig)
    HAL_RCC_ClockConfig                      0x08001ac5   Thumb Code   312  stm32f0xx_hal_rcc.o(.text.HAL_RCC_ClockConfig)
    HAL_RCC_GetPCLK1Freq                     0x08001c09   Thumb Code    20  stm32f0xx_hal_rcc.o(.text.HAL_RCC_GetPCLK1Freq)
    HAL_RCC_GetSysClockFreq                  0x08001c25   Thumb Code    56  stm32f0xx_hal_rcc.o(.text.HAL_RCC_GetSysClockFreq)
    HAL_RCC_OscConfig                        0x08001c71   Thumb Code  1000  stm32f0xx_hal_rcc.o(.text.HAL_RCC_OscConfig)
    HAL_SPI_Init                             0x08002065   Thumb Code   248  stm32f0xx_hal_spi.o(.text.HAL_SPI_Init)
    HAL_SPI_MspInit                          0x08002161   Thumb Code    84  stm32f0xx_hal_msp.o(.text.HAL_SPI_MspInit)
    HAL_SYSTICK_Config                       0x080021bd   Thumb Code    40  stm32f0xx_hal_cortex.o(.text.HAL_SYSTICK_Config)
    HAL_TIM_Base_Init                        0x080021f1   Thumb Code   184  stm32f0xx_hal_tim.o(.text.HAL_TIM_Base_Init)
    HAL_TIM_Base_MspInit                     0x080022b1   Thumb Code    40  stm32f0xx_hal_msp.o(.text.HAL_TIM_Base_MspInit)
    HAL_TIM_MspPostInit                      0x080022dd   Thumb Code    68  stm32f0xx_hal_msp.o(.text.HAL_TIM_MspPostInit)
    HAL_TIM_PWM_ConfigChannel                0x08002329   Thumb Code   616  stm32f0xx_hal_tim.o(.text.HAL_TIM_PWM_ConfigChannel)
    HAL_TIM_PWM_Init                         0x080025a1   Thumb Code   184  stm32f0xx_hal_tim.o(.text.HAL_TIM_PWM_Init)
    HAL_TIM_PWM_MspInit                      0x08002665   Thumb Code     2  stm32f0xx_hal_tim.o(.text.HAL_TIM_PWM_MspInit)
    HAL_TIM_PWM_Start                        0x08002669   Thumb Code   172  stm32f0xx_hal_tim.o(.text.HAL_TIM_PWM_Start)
    HAL_TIM_PWM_Stop                         0x08002729   Thumb Code   132  stm32f0xx_hal_tim.o(.text.HAL_TIM_PWM_Stop)
    HAL_UARTEx_RxEventCallback               0x080027c1   Thumb Code     2  stm32f0xx_hal_uart.o(.text.HAL_UARTEx_RxEventCallback)
    HAL_UART_ErrorCallback                   0x080027c3   Thumb Code     2  stm32f0xx_hal_uart.o(.text.HAL_UART_ErrorCallback)
    HAL_UART_IRQHandler                      0x080027c5   Thumb Code   920  stm32f0xx_hal_uart.o(.text.HAL_UART_IRQHandler)
    HAL_UART_Init                            0x08002b69   Thumb Code   200  stm32f0xx_hal_uart.o(.text.HAL_UART_Init)
    HAL_UART_MspInit                         0x08002c35   Thumb Code   184  stm32f0xx_hal_msp.o(.text.HAL_UART_MspInit)
    HAL_UART_Receive_DMA                     0x08002d05   Thumb Code   260  stm32f0xx_hal_uart.o(.text.HAL_UART_Receive_DMA)
    HAL_UART_RxCpltCallback                  0x08002e15   Thumb Code     2  stm32f0xx_hal_uart.o(.text.HAL_UART_RxCpltCallback)
    HAL_UART_RxHalfCpltCallback              0x08002e17   Thumb Code     2  stm32f0xx_hal_uart.o(.text.HAL_UART_RxHalfCpltCallback)
    HAL_UART_TxCpltCallback                  0x08002e19   Thumb Code     2  stm32f0xx_hal_uart.o(.text.HAL_UART_TxCpltCallback)
    HardFault_Handler                        0x08002e1b   Thumb Code     2  stm32f0xx_it.o(.text.HardFault_Handler)
    NMI_Handler                              0x08002e1d   Thumb Code     2  stm32f0xx_it.o(.text.NMI_Handler)
    PendSV_Handler                           0x08002e1f   Thumb Code     2  stm32f0xx_it.o(.text.PendSV_Handler)
    SVC_Handler                              0x08002e21   Thumb Code     2  stm32f0xx_it.o(.text.SVC_Handler)
    Setup_value_compare                      0x08002e25   Thumb Code   136  main.o(.text.Setup_value_compare)
    SysTick_Handler                          0x08002ee9   Thumb Code     8  stm32f0xx_it.o(.text.SysTick_Handler)
    SystemInit                               0x08002ef1   Thumb Code     2  system_stm32f0xx.o(.text.SystemInit)
    UART_AdvFeatureConfig                    0x08002ef3   Thumb Code   210  stm32f0xx_hal_uart.o(.text.UART_AdvFeatureConfig)
    UART_SetConfig                           0x08003131   Thumb Code   236  stm32f0xx_hal_uart.o(.text.UART_SetConfig)
    UART_WaitOnFlagUntilTimeout              0x0800323d   Thumb Code   310  stm32f0xx_hal_uart.o(.text.UART_WaitOnFlagUntilTimeout)
    USART1_IRQHandler                        0x08003375   Thumb Code    12  stm32f0xx_it.o(.text.USART1_IRQHandler)
    main                                     0x08003385   Thumb Code  1272  main.o(.text.main)
    __aeabi_uidiv                            0x080038ad   Thumb Code    68  aeabi_sdivfast.o(.text_divfast)
    __aeabi_idiv                             0x080038f1   Thumb Code   434  aeabi_sdivfast.o(.text_divfast)
    __aeabi_fcmpgt                           0x08003aa3   Thumb Code     0  fcmp.o(i._fgr)
    _fgr                                     0x08003aa3   Thumb Code    22  fcmp.o(i._fgr)
    __aeabi_fcmple                           0x08003ab9   Thumb Code     0  fcmp.o(i._fleq)
    _fleq                                    0x08003ab9   Thumb Code    26  fcmp.o(i._fleq)
    __aeabi_fcmplt                           0x08003ad3   Thumb Code     0  fcmp.o(i._fls)
    _fls                                     0x08003ad3   Thumb Code    22  fcmp.o(i._fls)
    __aeabi_fadd                             0x08003ae9   Thumb Code     0  faddsub.o(x$fpl$fadd)
    _fadd                                    0x08003ae9   Thumb Code   134  faddsub.o(x$fpl$fadd)
    _fcmpge                                  0x08003b75   Thumb Code    78  fgef.o(x$fpl$fgeqf)
    __aeabi_cfcmple                          0x08003bc9   Thumb Code     0  flef.o(x$fpl$fleqf)
    _fcmple                                  0x08003bc9   Thumb Code    78  flef.o(x$fpl$fleqf)
    __aeabi_fsub                             0x08003c1d   Thumb Code     0  faddsub.o(x$fpl$fsub)
    _fsub                                    0x08003c1d   Thumb Code   204  faddsub.o(x$fpl$fsub)
    AHBPrescTable                            0x08003cec   Data          16  system_stm32f0xx.o(.rodata.AHBPrescTable)
    __I$use$fp                               0x08003cec   Number         0  usenofp.o(x$fpl$usenofp)
    APBPrescTable                            0x08003cfc   Data           8  system_stm32f0xx.o(.rodata.APBPrescTable)
    Region$$Table$$Base                      0x08003d24   Number         0  anon$$obj.o(Region$$Table)
    Region$$Table$$Limit                     0x08003d44   Number         0  anon$$obj.o(Region$$Table)
    uwTickFreq                               0x20000000   Data           1  stm32f0xx_hal.o(.data..L_MergedGlobals)
    uwTickPrio                               0x20000004   Data           4  stm32f0xx_hal.o(.data..L_MergedGlobals)
    SystemCoreClock                          0x20000008   Data           4  system_stm32f0xx.o(.data.SystemCoreClock)
    __libspace_start                         0x20000010   Data          96  libspace.o(.bss)
    __temporary_stack_top$libspace           0x20000070   Data           0  libspace.o(.bss)
    erase_error_check                        0x20000070   Data           4  main.o(.bss..L_MergedGlobals)
    ovp                                      0x20000074   Data           4  main.o(.bss..L_MergedGlobals)
    pw_good_th                               0x20000078   Data           4  main.o(.bss..L_MergedGlobals)
    pw_good_hys                              0x2000007c   Data           4  main.o(.bss..L_MergedGlobals)
    temp_val                                 0x20000080   Data           4  main.o(.bss..L_MergedGlobals)
    current_mode                             0x20000084   Data           4  main.o(.bss..L_MergedGlobals)
    current_warning                          0x20000088   Data           4  main.o(.bss..L_MergedGlobals)
    uvlo                                     0x2000008c   Data           4  main.o(.bss..L_MergedGlobals)
    vout                                     0x20000090   Data           4  main.o(.bss..L_MergedGlobals)
    ocp                                      0x20000094   Data           4  main.o(.bss..L_MergedGlobals)
    uart_rx_value                            0x20000098   Data          10  main.o(.bss..L_MergedGlobals)
    adc_value                                0x200000a4   Data          12  main.o(.bss..L_MergedGlobals)
    erase_init                               0x200000b0   Data          12  main.o(.bss..L_MergedGlobals)
    val_set                                  0x200000bc   Data          12  main.o(.bss..L_MergedGlobals)
    hadc                                     0x200000c8   Data          64  main.o(.bss.hadc)
    hdma_adc                                 0x20000108   Data          68  main.o(.bss.hdma_adc)
    hdma_usart1_rx                           0x2000014c   Data          68  main.o(.bss.hdma_usart1_rx)
    hdma_usart1_tx                           0x20000190   Data          68  main.o(.bss.hdma_usart1_tx)
    hspi1                                    0x200001d4   Data         100  main.o(.bss.hspi1)
    htim14                                   0x20000238   Data          72  main.o(.bss.htim14)
    huart1                                   0x20000280   Data         132  main.o(.bss.huart1)
    pFlash                                   0x20000308   Data          32  stm32f0xx_hal_flash.o(.bss.pFlash)
    uwTick                                   0x20000328   Data           4  stm32f0xx_hal.o(.bss.uwTick)



==============================================================================

Memory Map of the image

  Image Entry point : 0x080000b1

  Load Region LR_IROM1 (Base: 0x08000000, Size: 0x00003d58, Max: 0x00008000, ABSOLUTE)

    Execution Region ER_IROM1 (Exec base: 0x08000000, Load base: 0x08000000, Size: 0x00003d44, Max: 0x00008000, ABSOLUTE)

    Exec Addr    Load Addr    Size         Type   Attr      Idx    E Section Name        Object

    0x08000000   0x08000000   0x000000b0   Data   RO            3    RESET               startup_stm32f030x6.o
    0x080000b0   0x080000b0   0x00000008   Code   RO         1261  * !!!main             c_p.l(__main.o)
    0x080000b8   0x080000b8   0x0000003c   Code   RO         1483    !!!scatter          c_p.l(__scatter.o)
    0x080000f4   0x080000f4   0x0000001a   Code   RO         1485    !!handler_copy      c_p.l(__scatter_copy.o)
    0x0800010e   0x0800010e   0x00000002   PAD
    0x08000110   0x08000110   0x0000001c   Code   RO         1487    !!handler_zi        c_p.l(__scatter_zi.o)
    0x0800012c   0x0800012c   0x00000002   Code   RO         1338    .ARM.Collect$$libinit$$00000000  c_p.l(libinit.o)
    0x0800012e   0x0800012e   0x00000000   Code   RO         1356    .ARM.Collect$$libinit$$00000002  c_p.l(libinit2.o)
    0x0800012e   0x0800012e   0x00000000   Code   RO         1358    .ARM.Collect$$libinit$$00000004  c_p.l(libinit2.o)
    0x0800012e   0x0800012e   0x00000000   Code   RO         1360    .ARM.Collect$$libinit$$00000006  c_p.l(libinit2.o)
    0x0800012e   0x0800012e   0x00000000   Code   RO         1363    .ARM.Collect$$libinit$$0000000C  c_p.l(libinit2.o)
    0x0800012e   0x0800012e   0x00000000   Code   RO         1365    .ARM.Collect$$libinit$$0000000E  c_p.l(libinit2.o)
    0x0800012e   0x0800012e   0x00000000   Code   RO         1367    .ARM.Collect$$libinit$$00000010  c_p.l(libinit2.o)
    0x0800012e   0x0800012e   0x00000000   Code   RO         1370    .ARM.Collect$$libinit$$00000013  c_p.l(libinit2.o)
    0x0800012e   0x0800012e   0x00000000   Code   RO         1372    .ARM.Collect$$libinit$$00000015  c_p.l(libinit2.o)
    0x0800012e   0x0800012e   0x00000000   Code   RO         1374    .ARM.Collect$$libinit$$00000017  c_p.l(libinit2.o)
    0x0800012e   0x0800012e   0x00000000   Code   RO         1376    .ARM.Collect$$libinit$$00000019  c_p.l(libinit2.o)
    0x0800012e   0x0800012e   0x00000000   Code   RO         1378    .ARM.Collect$$libinit$$0000001B  c_p.l(libinit2.o)
    0x0800012e   0x0800012e   0x00000000   Code   RO         1380    .ARM.Collect$$libinit$$0000001D  c_p.l(libinit2.o)
    0x0800012e   0x0800012e   0x00000000   Code   RO         1382    .ARM.Collect$$libinit$$0000001F  c_p.l(libinit2.o)
    0x0800012e   0x0800012e   0x00000000   Code   RO         1384    .ARM.Collect$$libinit$$00000021  c_p.l(libinit2.o)
    0x0800012e   0x0800012e   0x00000000   Code   RO         1386    .ARM.Collect$$libinit$$00000023  c_p.l(libinit2.o)
    0x0800012e   0x0800012e   0x00000000   Code   RO         1388    .ARM.Collect$$libinit$$00000025  c_p.l(libinit2.o)
    0x0800012e   0x0800012e   0x00000000   Code   RO         1390    .ARM.Collect$$libinit$$00000027  c_p.l(libinit2.o)
    0x0800012e   0x0800012e   0x00000000   Code   RO         1394    .ARM.Collect$$libinit$$0000002E  c_p.l(libinit2.o)
    0x0800012e   0x0800012e   0x00000000   Code   RO         1396    .ARM.Collect$$libinit$$00000030  c_p.l(libinit2.o)
    0x0800012e   0x0800012e   0x00000000   Code   RO         1398    .ARM.Collect$$libinit$$00000032  c_p.l(libinit2.o)
    0x0800012e   0x0800012e   0x00000000   Code   RO         1400    .ARM.Collect$$libinit$$00000034  c_p.l(libinit2.o)
    0x0800012e   0x0800012e   0x00000002   Code   RO         1401    .ARM.Collect$$libinit$$00000035  c_p.l(libinit2.o)
    0x08000130   0x08000130   0x00000002   Code   RO         1438    .ARM.Collect$$libshutdown$$00000000  c_p.l(libshutdown.o)
    0x08000132   0x08000132   0x00000000   Code   RO         1466    .ARM.Collect$$libshutdown$$00000002  c_p.l(libshutdown2.o)
    0x08000132   0x08000132   0x00000000   Code   RO         1468    .ARM.Collect$$libshutdown$$00000004  c_p.l(libshutdown2.o)
    0x08000132   0x08000132   0x00000000   Code   RO         1471    .ARM.Collect$$libshutdown$$00000007  c_p.l(libshutdown2.o)
    0x08000132   0x08000132   0x00000000   Code   RO         1474    .ARM.Collect$$libshutdown$$0000000A  c_p.l(libshutdown2.o)
    0x08000132   0x08000132   0x00000000   Code   RO         1476    .ARM.Collect$$libshutdown$$0000000C  c_p.l(libshutdown2.o)
    0x08000132   0x08000132   0x00000000   Code   RO         1479    .ARM.Collect$$libshutdown$$0000000F  c_p.l(libshutdown2.o)
    0x08000132   0x08000132   0x00000002   Code   RO         1480    .ARM.Collect$$libshutdown$$00000010  c_p.l(libshutdown2.o)
    0x08000134   0x08000134   0x00000000   Code   RO         1293    .ARM.Collect$$rtentry$$00000000  c_p.l(__rtentry.o)
    0x08000134   0x08000134   0x00000000   Code   RO         1306    .ARM.Collect$$rtentry$$00000002  c_p.l(__rtentry2.o)
    0x08000134   0x08000134   0x00000006   Code   RO         1318    .ARM.Collect$$rtentry$$00000004  c_p.l(__rtentry4.o)
    0x0800013a   0x0800013a   0x00000000   Code   RO         1308    .ARM.Collect$$rtentry$$00000009  c_p.l(__rtentry2.o)
    0x0800013a   0x0800013a   0x00000004   Code   RO         1309    .ARM.Collect$$rtentry$$0000000A  c_p.l(__rtentry2.o)
    0x0800013e   0x0800013e   0x00000000   Code   RO         1311    .ARM.Collect$$rtentry$$0000000C  c_p.l(__rtentry2.o)
    0x0800013e   0x0800013e   0x00000008   Code   RO         1312    .ARM.Collect$$rtentry$$0000000D  c_p.l(__rtentry2.o)
    0x08000146   0x08000146   0x00000002   Code   RO         1347    .ARM.Collect$$rtexit$$00000000  c_p.l(rtexit.o)
    0x08000148   0x08000148   0x00000000   Code   RO         1409    .ARM.Collect$$rtexit$$00000002  c_p.l(rtexit2.o)
    0x08000148   0x08000148   0x00000004   Code   RO         1410    .ARM.Collect$$rtexit$$00000003  c_p.l(rtexit2.o)
    0x0800014c   0x0800014c   0x00000006   Code   RO         1411    .ARM.Collect$$rtexit$$00000004  c_p.l(rtexit2.o)
    0x08000152   0x08000152   0x00000002   PAD
    0x08000154   0x08000154   0x00000038   Code   RO            4    .text               startup_stm32f030x6.o
    0x0800018c   0x0800018c   0x00000022   Code   RO         1249    .text               c_p.l(llushr.o)
    0x080001ae   0x080001ae   0x00000006   Code   RO         1259    .text               c_p.l(heapauxi.o)
    0x080001b4   0x080001b4   0x0000007c   Code   RO         1263    .text               fz_ps.l(d2f.o)
    0x08000230   0x08000230   0x00000358   Code   RO         1265    .text               fz_ps.l(daddsub.o)
    0x08000588   0x08000588   0x00000248   Code   RO         1267    .text               fz_ps.l(dmul.o)
    0x080007d0   0x080007d0   0x00000054   Code   RO         1269    .text               fz_ps.l(f2d.o)
    0x08000824   0x08000824   0x0000004a   Code   RO         1289    .text               fz_ps.l(ffixul.o)
    0x0800086e   0x0800086e   0x0000005e   Code   RO         1291    .text               fz_ps.l(fflti.o)
    0x080008cc   0x080008cc   0x00000064   Code   RO         1322    .text               fz_ps.l(fcmpin.o)
    0x08000930   0x08000930   0x0000003e   Code   RO         1324    .text               c_p.l(sys_stackheap_outer.o)
    0x0800096e   0x0800096e   0x00000010   Code   RO         1327    .text               c_p.l(exit.o)
    0x0800097e   0x0800097e   0x0000002e   Code   RO         1339    .text               fz_ps.l(cmpret.o)
    0x080009ac   0x080009ac   0x00000010   Code   RO         1341    .text               fz_ps.l(fnan2.o)
    0x080009bc   0x080009bc   0x00000008   Code   RO         1343    .text               c_p.l(libspace.o)
    0x080009c4   0x080009c4   0x0000005e   Code   RO         1402    .text               fz_ps.l(retnan.o)
    0x08000a22   0x08000a22   0x00000002   PAD
    0x08000a24   0x08000a24   0x0000000c   Code   RO         1404    .text               c_p.l(sys_exit.o)
    0x08000a30   0x08000a30   0x00000002   Code   RO         1427    .text               c_p.l(use_no_semi.o)
    0x08000a32   0x08000a32   0x00000000   Code   RO         1429    .text               c_p.l(indicate_semi.o)
    0x08000a32   0x08000a32   0x00000072   Code   RO          121    .text.ADC_DMAConvCplt  stm32f0xx_hal_adc.o
    0x08000aa4   0x08000aa4   0x0000001a   Code   RO          125    .text.ADC_DMAError  stm32f0xx_hal_adc.o
    0x08000abe   0x08000abe   0x0000000a   Code   RO          123    .text.ADC_DMAHalfConvCplt  stm32f0xx_hal_adc.o
    0x08000ac8   0x08000ac8   0x000000b0   Code   RO          107    .text.ADC_Enable    stm32f0xx_hal_adc.o
    0x08000b78   0x08000b78   0x00000010   Code   RO           56    .text.DMA1_Channel1_IRQHandler  stm32f0xx_it.o
    0x08000b88   0x08000b88   0x00000018   Code   RO           58    .text.DMA1_Channel2_3_IRQHandler  stm32f0xx_it.o
    0x08000ba0   0x08000ba0   0x00000010   Code   RO           52    .text.EXTI0_1_IRQHandler  stm32f0xx_it.o
    0x08000bb0   0x08000bb0   0x00000018   Code   RO           54    .text.EXTI4_15_IRQHandler  stm32f0xx_it.o
    0x08000bc8   0x08000bc8   0x00000008   Code   RO           15    .text.Error_Handler  main.o
    0x08000bd0   0x08000bd0   0x000000ac   Code   RO          562    .text.FLASH_WaitForLastOperation  stm32f0xx_hal_flash.o
    0x08000c7c   0x08000c7c   0x00000134   Code   RO          141    .text.HAL_ADC_ConfigChannel  stm32f0xx_hal_adc.o
    0x08000db0   0x08000db0   0x00000002   Code   RO          133    .text.HAL_ADC_ConvCpltCallback  stm32f0xx_hal_adc.o
    0x08000db2   0x08000db2   0x00000002   Code   RO          139    .text.HAL_ADC_ConvHalfCpltCallback  stm32f0xx_hal_adc.o
    0x08000db4   0x08000db4   0x00000002   Code   RO          137    .text.HAL_ADC_ErrorCallback  stm32f0xx_hal_adc.o
    0x08000db6   0x08000db6   0x00000002   PAD
    0x08000db8   0x08000db8   0x00000158   Code   RO           97    .text.HAL_ADC_Init  stm32f0xx_hal_adc.o
    0x08000f10   0x08000f10   0x00000094   Code   RO           71    .text.HAL_ADC_MspInit  stm32f0xx_hal_msp.o
    0x08000fa4   0x08000fa4   0x000000a4   Code   RO          119    .text.HAL_ADC_Start_DMA  stm32f0xx_hal_adc.o
    0x08001048   0x08001048   0x00000040   Code   RO          471    .text.HAL_DMA_Abort  stm32f0xx_hal_dma.o
    0x08001088   0x08001088   0x00000044   Code   RO          473    .text.HAL_DMA_Abort_IT  stm32f0xx_hal_dma.o
    0x080010cc   0x080010cc   0x000000d4   Code   RO          477    .text.HAL_DMA_IRQHandler  stm32f0xx_hal_dma.o
    0x080011a0   0x080011a0   0x0000007c   Code   RO          463    .text.HAL_DMA_Init  stm32f0xx_hal_dma.o
    0x0800121c   0x0800121c   0x00000082   Code   RO          469    .text.HAL_DMA_Start_IT  stm32f0xx_hal_dma.o
    0x0800129e   0x0800129e   0x00000002   PAD
    0x080012a0   0x080012a0   0x00000024   Code   RO          235    .text.HAL_Delay     stm32f0xx_hal.o
    0x080012c4   0x080012c4   0x000000c4   Code   RO          593    .text.HAL_FLASHEx_Erase  stm32f0xx_hal_flash_ex.o
    0x08001388   0x08001388   0x00000014   Code   RO          574    .text.HAL_FLASH_Lock  stm32f0xx_hal_flash.o
    0x0800139c   0x0800139c   0x00000154   Code   RO          560    .text.HAL_FLASH_Program  stm32f0xx_hal_flash.o
    0x080014f0   0x080014f0   0x00000028   Code   RO          572    .text.HAL_FLASH_Unlock  stm32f0xx_hal_flash.o
    0x08001518   0x08001518   0x000001a8   Code   RO           23    .text.HAL_GPIO_EXTI_Callback  main.o
    0x080016c0   0x080016c0   0x00000018   Code   RO          451    .text.HAL_GPIO_EXTI_IRQHandler  stm32f0xx_hal_gpio.o
    0x080016d8   0x080016d8   0x000001d4   Code   RO          439    .text.HAL_GPIO_Init  stm32f0xx_hal_gpio.o
    0x080018ac   0x080018ac   0x0000000a   Code   RO          443    .text.HAL_GPIO_ReadPin  stm32f0xx_hal_gpio.o
    0x080018b6   0x080018b6   0x00000010   Code   RO          445    .text.HAL_GPIO_WritePin  stm32f0xx_hal_gpio.o
    0x080018c6   0x080018c6   0x00000002   PAD
    0x080018c8   0x080018c8   0x00000008   Code   RO          227    .text.HAL_GetTick   stm32f0xx_hal.o
    0x080018d0   0x080018d0   0x00000014   Code   RO          225    .text.HAL_IncTick   stm32f0xx_hal.o
    0x080018e4   0x080018e4   0x0000001c   Code   RO          215    .text.HAL_Init      stm32f0xx_hal.o
    0x08001900   0x08001900   0x00000040   Code   RO          217    .text.HAL_InitTick  stm32f0xx_hal.o
    0x08001940   0x08001940   0x0000002c   Code   RO           69    .text.HAL_MspInit   stm32f0xx_hal_msp.o
    0x0800196c   0x0800196c   0x00000018   Code   RO          497    .text.HAL_NVIC_EnableIRQ  stm32f0xx_hal_cortex.o
    0x08001984   0x08001984   0x00000040   Code   RO          495    .text.HAL_NVIC_SetPriority  stm32f0xx_hal_cortex.o
    0x080019c4   0x080019c4   0x00000100   Code   RO          201    .text.HAL_RCCEx_PeriphCLKConfig  stm32f0xx_hal_rcc_ex.o
    0x08001ac4   0x08001ac4   0x00000144   Code   RO          170    .text.HAL_RCC_ClockConfig  stm32f0xx_hal_rcc.o
    0x08001c08   0x08001c08   0x0000001c   Code   RO          182    .text.HAL_RCC_GetPCLK1Freq  stm32f0xx_hal_rcc.o
    0x08001c24   0x08001c24   0x0000004c   Code   RO          172    .text.HAL_RCC_GetSysClockFreq  stm32f0xx_hal_rcc.o
    0x08001c70   0x08001c70   0x000003f4   Code   RO          168    .text.HAL_RCC_OscConfig  stm32f0xx_hal_rcc.o
    0x08002064   0x08002064   0x000000fc   Code   RO          641    .text.HAL_SPI_Init  stm32f0xx_hal_spi.o
    0x08002160   0x08002160   0x0000005c   Code   RO           75    .text.HAL_SPI_MspInit  stm32f0xx_hal_msp.o
    0x080021bc   0x080021bc   0x00000034   Code   RO          503    .text.HAL_SYSTICK_Config  stm32f0xx_hal_cortex.o
    0x080021f0   0x080021f0   0x000000c0   Code   RO          766    .text.HAL_TIM_Base_Init  stm32f0xx_hal_tim.o
    0x080022b0   0x080022b0   0x0000002c   Code   RO           79    .text.HAL_TIM_Base_MspInit  stm32f0xx_hal_msp.o
    0x080022dc   0x080022dc   0x0000004c   Code   RO           81    .text.HAL_TIM_MspPostInit  stm32f0xx_hal_msp.o
    0x08002328   0x08002328   0x00000278   Code   RO          920    .text.HAL_TIM_PWM_ConfigChannel  stm32f0xx_hal_tim.o
    0x080025a0   0x080025a0   0x000000c4   Code   RO          820    .text.HAL_TIM_PWM_Init  stm32f0xx_hal_tim.o
    0x08002664   0x08002664   0x00000002   Code   RO          822    .text.HAL_TIM_PWM_MspInit  stm32f0xx_hal_tim.o
    0x08002666   0x08002666   0x00000002   PAD
    0x08002668   0x08002668   0x000000c0   Code   RO          828    .text.HAL_TIM_PWM_Start  stm32f0xx_hal_tim.o
    0x08002728   0x08002728   0x00000098   Code   RO          830    .text.HAL_TIM_PWM_Stop  stm32f0xx_hal_tim.o
    0x080027c0   0x080027c0   0x00000002   Code   RO         1169    .text.HAL_UARTEx_RxEventCallback  stm32f0xx_hal_uart.o
    0x080027c2   0x080027c2   0x00000002   Code   RO         1167    .text.HAL_UART_ErrorCallback  stm32f0xx_hal_uart.o
    0x080027c4   0x080027c4   0x000003a4   Code   RO         1163    .text.HAL_UART_IRQHandler  stm32f0xx_hal_uart.o
    0x08002b68   0x08002b68   0x000000cc   Code   RO         1085    .text.HAL_UART_Init  stm32f0xx_hal_uart.o
    0x08002c34   0x08002c34   0x000000d0   Code   RO           85    .text.HAL_UART_MspInit  stm32f0xx_hal_msp.o
    0x08002d04   0x08002d04   0x00000110   Code   RO         1127    .text.HAL_UART_Receive_DMA  stm32f0xx_hal_uart.o
    0x08002e14   0x08002e14   0x00000002   Code   RO         1175    .text.HAL_UART_RxCpltCallback  stm32f0xx_hal_uart.o
    0x08002e16   0x08002e16   0x00000002   Code   RO         1177    .text.HAL_UART_RxHalfCpltCallback  stm32f0xx_hal_uart.o
    0x08002e18   0x08002e18   0x00000002   Code   RO         1171    .text.HAL_UART_TxCpltCallback  stm32f0xx_hal_uart.o
    0x08002e1a   0x08002e1a   0x00000002   Code   RO           44    .text.HardFault_Handler  stm32f0xx_it.o
    0x08002e1c   0x08002e1c   0x00000002   Code   RO           42    .text.NMI_Handler   stm32f0xx_it.o
    0x08002e1e   0x08002e1e   0x00000002   Code   RO           48    .text.PendSV_Handler  stm32f0xx_it.o
    0x08002e20   0x08002e20   0x00000002   Code   RO           46    .text.SVC_Handler   stm32f0xx_it.o
    0x08002e22   0x08002e22   0x00000002   PAD
    0x08002e24   0x08002e24   0x000000c4   Code   RO           17    .text.Setup_value_compare  main.o
    0x08002ee8   0x08002ee8   0x00000008   Code   RO           50    .text.SysTick_Handler  stm32f0xx_it.o
    0x08002ef0   0x08002ef0   0x00000002   Code   RO         1233    .text.SystemInit    system_stm32f0xx.o
    0x08002ef2   0x08002ef2   0x000000d2   Code   RO         1091    .text.UART_AdvFeatureConfig  stm32f0xx_hal_uart.o
    0x08002fc4   0x08002fc4   0x00000016   Code   RO         1165    .text.UART_DMAAbortOnError  stm32f0xx_hal_uart.o
    0x08002fda   0x08002fda   0x000000b0   Code   RO         1125    .text.UART_DMAError  stm32f0xx_hal_uart.o
    0x0800308a   0x0800308a   0x0000008a   Code   RO         1203    .text.UART_DMAReceiveCplt  stm32f0xx_hal_uart.o
    0x08003114   0x08003114   0x0000001c   Code   RO         1205    .text.UART_DMARxHalfCplt  stm32f0xx_hal_uart.o
    0x08003130   0x08003130   0x0000010c   Code   RO         1089    .text.UART_SetConfig  stm32f0xx_hal_uart.o
    0x0800323c   0x0800323c   0x00000136   Code   RO         1105    .text.UART_WaitOnFlagUntilTimeout  stm32f0xx_hal_uart.o
    0x08003372   0x08003372   0x00000002   PAD
    0x08003374   0x08003374   0x00000010   Code   RO           60    .text.USART1_IRQHandler  stm32f0xx_it.o
    0x08003384   0x08003384   0x00000528   Code   RO           11    .text.main          main.o
    0x080038ac   0x080038ac   0x000001f6   Code   RO         1252    .text_divfast       c_p.l(aeabi_sdivfast.o)
    0x08003aa2   0x08003aa2   0x00000016   Code   RO         1279    i._fgr              fz_ps.l(fcmp.o)
    0x08003ab8   0x08003ab8   0x0000001a   Code   RO         1280    i._fleq             fz_ps.l(fcmp.o)
    0x08003ad2   0x08003ad2   0x00000016   Code   RO         1281    i._fls              fz_ps.l(fcmp.o)
    0x08003ae8   0x08003ae8   0x0000008c   Code   RO         1271    x$fpl$fadd          fz_ps.l(faddsub.o)
    0x08003b74   0x08003b74   0x00000054   Code   RO         1300    x$fpl$fgeqf         fz_ps.l(fgef.o)
    0x08003bc8   0x08003bc8   0x00000054   Code   RO         1302    x$fpl$fleqf         fz_ps.l(flef.o)
    0x08003c1c   0x08003c1c   0x000000d0   Code   RO         1273    x$fpl$fsub          fz_ps.l(faddsub.o)
    0x08003cec   0x08003cec   0x00000000   Code   RO         1304    x$fpl$usenofp       fz_ps.l(usenofp.o)
    0x08003cec   0x08003cec   0x00000010   Data   RO         1238    .rodata.AHBPrescTable  system_stm32f0xx.o
    0x08003cfc   0x08003cfc   0x00000008   Data   RO         1239    .rodata.APBPrescTable  system_stm32f0xx.o
    0x08003d04   0x08003d04   0x00000020   Data   RO          192    .rodata.cst16       stm32f0xx_hal_rcc.o
    0x08003d24   0x08003d24   0x00000020   Data   RO         1482    Region$$Table       anon$$obj.o


    Execution Region RW_IRAM1 (Exec base: 0x20000000, Load base: 0x08003d48, Size: 0x00000930, Max: 0x00001000, ABSOLUTE)

    Exec Addr    Load Addr    Size         Type   Attr      Idx    E Section Name        Object

    0x20000000   0x08003d48   0x00000008   Data   RW          262    .data..L_MergedGlobals  stm32f0xx_hal.o
    0x20000008   0x08003d50   0x00000004   Data   RW         1237    .data.SystemCoreClock  system_stm32f0xx.o
    0x2000000c   0x08003d54   0x00000004   PAD
    0x20000010        -       0x00000060   Zero   RW         1344    .bss                c_p.l(libspace.o)
    0x20000070        -       0x00000058   Zero   RW           33    .bss..L_MergedGlobals  main.o
    0x200000c8        -       0x00000040   Zero   RW           25    .bss.hadc           main.o
    0x20000108        -       0x00000044   Zero   RW           28    .bss.hdma_adc       main.o
    0x2000014c        -       0x00000044   Zero   RW           30    .bss.hdma_usart1_rx  main.o
    0x20000190        -       0x00000044   Zero   RW           31    .bss.hdma_usart1_tx  main.o
    0x200001d4        -       0x00000064   Zero   RW           29    .bss.hspi1          main.o
    0x20000238        -       0x00000048   Zero   RW           27    .bss.htim14         main.o
    0x20000280        -       0x00000084   Zero   RW           26    .bss.huart1         main.o
    0x20000304   0x08003d54   0x00000004   PAD
    0x20000308        -       0x00000020   Zero   RW          584    .bss.pFlash         stm32f0xx_hal_flash.o
    0x20000328        -       0x00000004   Zero   RW          261    .bss.uwTick         stm32f0xx_hal.o
    0x2000032c   0x08003d54   0x00000004   PAD
    0x20000330        -       0x00000200   Zero   RW            2    HEAP                startup_stm32f030x6.o
    0x20000530        -       0x00000400   Zero   RW            1    STACK               startup_stm32f030x6.o


==============================================================================

Image component sizes


      Code (inc. data)   RO Data    RW Data    ZI Data      Debug   Object Name

      1948        156          0          0        660      13916   main.o
        56         26        176          0       1536        596   startup_stm32f030x6.o
       156         12          0          8          4       5128   stm32f0xx_hal.o
      1148         52          0          0          0      13947   stm32f0xx_hal_adc.o
       140         24          0          0          0       5354   stm32f0xx_hal_cortex.o
       598         12          0          0          0       8059   stm32f0xx_hal_dma.o
       572         36          0          0         32       6494   stm32f0xx_hal_flash.o
       196          0          0          0          0       6108   stm32f0xx_hal_flash_ex.o
       518         24          0          0          0       4954   stm32f0xx_hal_gpio.o
       612         64          0          0          0      10356   stm32f0xx_hal_msp.o
      1440         52         32          0          0       7791   stm32f0xx_hal_rcc.o
       256         12          0          0          0       3245   stm32f0xx_hal_rcc_ex.o
       252          4          0          0          0      26698   stm32f0xx_hal_spi.o
      1366         80          0          0          0      62267   stm32f0xx_hal_tim.o
      2570         80          0          0          0      40183   stm32f0xx_hal_uart.o
       112         16          0          0          0       1611   stm32f0xx_it.o
         2          0         24          4          0       1791   system_stm32f0xx.o

    ----------------------------------------------------------------------
     11954        650        264         12       2244     218498   Object Totals
         0          0         32          0          0          0   (incl. Generated)
        12          0          0          0         12          0   (incl. Padding)

    ----------------------------------------------------------------------

      Code (inc. data)   RO Data    RW Data    ZI Data      Debug   Library Member Name

         8          0          0          0          0         68   __main.o
         0          0          0          0          0          0   __rtentry.o
        12          0          0          0          0          0   __rtentry2.o
         6          0          0          0          0          0   __rtentry4.o
        60          8          0          0          0          0   __scatter.o
        26          0          0          0          0          0   __scatter_copy.o
        28          0          0          0          0          0   __scatter_zi.o
       502          0          0          0          0         92   aeabi_sdivfast.o
        16          0          0          0          0         68   exit.o
         6          0          0          0          0        136   heapauxi.o
         0          0          0          0          0          0   indicate_semi.o
         2          0          0          0          0          0   libinit.o
         2          0          0          0          0          0   libinit2.o
         2          0          0          0          0          0   libshutdown.o
         2          0          0          0          0          0   libshutdown2.o
         8          4          0          0         96         68   libspace.o
        34          0          0          0          0         68   llushr.o
         2          0          0          0          0          0   rtexit.o
        10          0          0          0          0          0   rtexit2.o
        12          4          0          0          0         60   sys_exit.o
        62          0          0          0          0         80   sys_stackheap_outer.o
         2          0          0          0          0         68   use_no_semi.o
        46          0          0          0          0         60   cmpret.o
       124          4          0          0          0         72   d2f.o
       856         20          0          0          0        208   daddsub.o
       584         26          0          0          0         84   dmul.o
        84          4          0          0          0         60   f2d.o
       348          8          0          0          0        160   faddsub.o
        70          0          0          0          0        204   fcmp.o
       100          4          0          0          0         68   fcmpin.o
        74          0          0          0          0         68   ffixul.o
        94          0          0          0          0         92   fflti.o
        84          4          0          0          0         76   fgef.o
        84          4          0          0          0         76   flef.o
        16          6          0          0          0         68   fnan2.o
        94          0          0          0          0         68   retnan.o
         0          0          0          0          0          0   usenofp.o

    ----------------------------------------------------------------------
      3466         96          0          0         96       2072   Library Totals
         6          0          0          0          0          0   (incl. Padding)

    ----------------------------------------------------------------------

      Code (inc. data)   RO Data    RW Data    ZI Data      Debug   Library Name

       802         16          0          0         96        708   c_p.l
      2658         80          0          0          0       1364   fz_ps.l

    ----------------------------------------------------------------------
      3466         96          0          0         96       2072   Library Totals

    ----------------------------------------------------------------------

==============================================================================


      Code (inc. data)   RO Data    RW Data    ZI Data      Debug   

     15420        746        264         12       2340     219302   Grand Totals
     15420        746        264         12       2340     219302   ELF Image Totals
     15420        746        264         12          0          0   ROM Totals

==============================================================================

    Total RO  Size (Code + RO Data)                15684 (  15.32kB)
    Total RW  Size (RW Data + ZI Data)              2352 (   2.30kB)
    Total ROM Size (Code + RO Data + RW Data)      15696 (  15.33kB)

==============================================================================

